Component: Arm Compiler for Embedded 6.21 Tool: armlink [5ec1fa00]

==============================================================================

Section Cross References

    empty.o(.text) refers (Special) to _printf_percent.o(.ARM.Collect$$_printf_percent$$00000000) for _printf_percent
    empty.o(.text) refers (Special) to _printf_d.o(.ARM.Collect$$_printf_percent$$00000009) for _printf_d
    empty.o(.text) refers (Special) to _printf_f.o(.ARM.Collect$$_printf_percent$$00000003) for _printf_f
    empty.o(.text) refers (Special) to _printf_dec.o(.text) for _printf_int_dec
    empty.o(.text) refers (Special) to printf1.o(x$fpl$printf1) for _printf_fp_dec
    empty.o(.text.main) refers (Special) to _printf_percent.o(.ARM.Collect$$_printf_percent$$00000000) for _printf_percent
    empty.o(.text.main) refers (Special) to _printf_d.o(.ARM.Collect$$_printf_percent$$00000009) for _printf_d
    empty.o(.text.main) refers (Special) to _printf_f.o(.ARM.Collect$$_printf_percent$$00000003) for _printf_f
    empty.o(.text.main) refers (Special) to _printf_dec.o(.text) for _printf_int_dec
    empty.o(.text.main) refers (Special) to printf1.o(x$fpl$printf1) for _printf_fp_dec
    empty.o(.text.main) refers to board.o(.text.board_init) for board_init
    empty.o(.text.main) refers to bsp_tb6612.o(.text.Set_Motor_PWM) for Set_Motor_PWM
    empty.o(.text.main) refers to oled.o(.text.OLED_Init) for OLED_Init
    empty.o(.text.main) refers to oled.o(.text.OLED_Clear) for OLED_Clear
    empty.o(.text.main) refers to hw_encoder.o(.text.encoder_init) for encoder_init
    empty.o(.text.main) refers to hw_timer.o(.text.timer_init) for timer_init
    empty.o(.text.main) refers to board.o(.text.delay_ms) for delay_ms
    empty.o(.text.main) refers to empty.o(.text.ui_encoder_value_update) for ui_encoder_value_update
    empty.o(.text.main) refers to fflti.o(.text) for __aeabi_i2f
    empty.o(.text.main) refers to f2d.o(.text) for __aeabi_f2d
    empty.o(.text.main) refers to noretval__2sprintf.o(.text) for __2sprintf
    empty.o(.text.main) refers to oled.o(.text.OLED_ShowString) for OLED_ShowString
    empty.o(.text.main) refers to oled.o(.text.OLED_Refresh) for OLED_Refresh
    empty.o(.text.main) refers to control.o(.bss.Velocity_out) for Velocity_out
    empty.o(.text.main) refers to empty.o(.bss.a) for a
    empty.o(.text.main) refers to control.o(.bss.Vertical_out) for Vertical_out
    empty.o(.text.main) refers to empty.o(.bss.c) for c
    empty.o(.text.main) refers to empty.o(.bss.OledString) for OledString
    empty.o(.text.main) refers to empty.o(.rodata.str1.1) for [Anonymous Symbol]
    empty.o(.text.main) refers to jy61p.o(.bss.Roll) for Roll
    empty.o(.text.main) refers to empty.o(.bss.b) for b
    empty.o(.ARM.exidx.text.main) refers (Special) to _printf_percent.o(.ARM.Collect$$_printf_percent$$00000000) for _printf_percent
    empty.o(.ARM.exidx.text.main) refers (Special) to _printf_d.o(.ARM.Collect$$_printf_percent$$00000009) for _printf_d
    empty.o(.ARM.exidx.text.main) refers (Special) to _printf_f.o(.ARM.Collect$$_printf_percent$$00000003) for _printf_f
    empty.o(.ARM.exidx.text.main) refers (Special) to _printf_dec.o(.text) for _printf_int_dec
    empty.o(.ARM.exidx.text.main) refers (Special) to printf1.o(x$fpl$printf1) for _printf_fp_dec
    empty.o(.ARM.exidx.text.main) refers to empty.o(.text.main) for [Anonymous Symbol]
    empty.o(.text.ui_encoder_value_update) refers (Special) to _printf_percent.o(.ARM.Collect$$_printf_percent$$00000000) for _printf_percent
    empty.o(.text.ui_encoder_value_update) refers (Special) to _printf_d.o(.ARM.Collect$$_printf_percent$$00000009) for _printf_d
    empty.o(.text.ui_encoder_value_update) refers (Special) to _printf_f.o(.ARM.Collect$$_printf_percent$$00000003) for _printf_f
    empty.o(.text.ui_encoder_value_update) refers (Special) to _printf_dec.o(.text) for _printf_int_dec
    empty.o(.text.ui_encoder_value_update) refers (Special) to printf1.o(x$fpl$printf1) for _printf_fp_dec
    empty.o(.text.ui_encoder_value_update) refers to rt_memclr.o(.text) for __aeabi_memclr4
    empty.o(.text.ui_encoder_value_update) refers to hw_encoder.o(.text.get_encoder_count) for get_encoder_count
    empty.o(.text.ui_encoder_value_update) refers to noretval__2sprintf.o(.text) for __2sprintf
    empty.o(.text.ui_encoder_value_update) refers to oled.o(.text.OLED_ShowString) for OLED_ShowString
    empty.o(.text.ui_encoder_value_update) refers to hw_encoder.o(.text.get_encoder_count2) for get_encoder_count2
    empty.o(.text.ui_encoder_value_update) refers to empty.o(.data.ui_encoder_value_update.last_encoder_count) for [Anonymous Symbol]
    empty.o(.text.ui_encoder_value_update) refers to empty.o(.data.ui_encoder_value_update.last_encoder_count2) for [Anonymous Symbol]
    empty.o(.ARM.exidx.text.ui_encoder_value_update) refers (Special) to _printf_percent.o(.ARM.Collect$$_printf_percent$$00000000) for _printf_percent
[...]
    .ARM.Collect$$rtexit$$00000002           0x000001aa   Section        0  rtexit2.o(.ARM.Collect$$rtexit$$00000002)
    .ARM.Collect$$rtexit$$00000003           0x000001aa   Section        4  rtexit2.o(.ARM.Collect$$rtexit$$00000003)
    .ARM.Collect$$rtexit$$00000004           0x000001ae   Section        6  rtexit2.o(.ARM.Collect$$rtexit$$00000004)
    .text                                    0x000001b4   Section       48  startup_mspm0g350x_uvision.o(.text)
    .text                                    0x000001e4   Section        0  noretval__2sprintf.o(.text)
    .text                                    0x0000020c   Section        0  _printf_dec.o(.text)
    .text                                    0x00000278   Section        0  __printf_wp.o(.text)
    .text                                    0x00000388   Section        0  puts.o(.text)
    .text                                    0x000003b4   Section        0  rt_memclr.o(.text)
    .text                                    0x000003f4   Section      504  aeabi_sdivfast.o(.text)
    .text                                    0x000005ec   Section        0  heapauxi.o(.text)
    .text                                    0x000005f4   Section        0  f2d.o(.text)
    .text                                    0x00000648   Section        0  fdiv.o(.text)
    .text                                    0x000007a8   Section        0  ffixi.o(.text)
    .text                                    0x000007f4   Section        0  fflti.o(.text)
    .text                                    0x00000852   Section        0  _printf_intcommon.o(.text)
    _fp_digits                               0x00000905   Thumb Code   412  _printf_fp_dec.o(.text)
    .text                                    0x00000904   Section        0  _printf_fp_dec.o(.text)
    _printf_input_char                       0x00000d19   Thumb Code    10  _printf_char_common.o(.text)
    .text                                    0x00000d18   Section        0  _printf_char_common.o(.text)
    .text                                    0x00000d48   Section        0  _sputc.o(.text)
    .text                                    0x00000d52   Section        0  rtudiv10.o(.text)
    .text                                    0x00000d7c   Section        8  rt_locale_intlibspace.o(.text)
    .text                                    0x00000d84   Section        0  lludiv10.o(.text)
    .text                                    0x00000e00   Section        0  _printf_fp_infnan.o(.text)
    .text                                    0x00000e88   Section        0  bigflt0.o(.text)
    .text                                    0x00000f60   Section        0  btod.o(.text)
    btod_internal_mul                        0x00000fa1   Thumb Code   492  btod.o(.text)
    btod_internal_div                        0x0000118d   Thumb Code   520  btod.o(.text)
    .text                                    0x000014e0   Section        0  fcmpin.o(.text)
    .text                                    0x00001544   Section        8  libspace.o(.text)
    .text                                    0x0000154c   Section       62  sys_stackheap_outer.o(.text)
    .text                                    0x0000158a   Section        0  exit.o(.text)
    .text                                    0x0000159c   Section      176  strcmpv6m.o(.text)
    .text                                    0x0000164c   Section        0  cmpret.o(.text)
    .text                                    0x0000167c   Section        0  fnan2.o(.text)
    .text                                    0x0000168c   Section        0  retnan.o(.text)
    [Anonymous Symbol]                       0x000016ec   Section        0  control.o(.text.Control)
    __arm_cp.3_0                             0x000017cc   Number         4  control.o(.text.Control)
    __arm_cp.3_1                             0x000017d0   Number         4  control.o(.text.Control)
    __arm_cp.3_2                             0x000017d4   Number         4  control.o(.text.Control)
    __arm_cp.3_3                             0x000017d8   Number         4  control.o(.text.Control)
    __arm_cp.3_4                             0x000017dc   Number         4  control.o(.text.Control)
    __arm_cp.3_5                             0x000017e0   Number         4  control.o(.text.Control)
    __arm_cp.3_6                             0x000017e4   Number         4  control.o(.text.Control)
    __arm_cp.3_7                             0x000017e8   Number         4  control.o(.text.Control)
    __arm_cp.3_8                             0x000017ec   Number         4  control.o(.text.Control)
    __arm_cp.3_9                             0x000017f0   Number         4  control.o(.text.Control)
    __arm_cp.3_10                            0x000017f4   Number         4  control.o(.text.Control)
    __arm_cp.3_11                            0x000017f8   Number         4  control.o(.text.Control)
    __arm_cp.3_12                            0x000017fc   Number         4  control.o(.text.Control)
    __arm_cp.3_13                            0x00001800   Number         4  control.o(.text.Control)
    __arm_cp.3_14                            0x00001804   Number         4  control.o(.text.Control)
    __arm_cp.3_15                            0x00001808   Number         4  control.o(.text.Control)
    __arm_cp.3_16                            0x0000180c   Number         4  control.o(.text.Control)
    __arm_cp.3_17                            0x00001810   Number         4  control.o(.text.Control)
    __arm_cp.3_18                            0x00001814   Number         4  control.o(.text.Control)
    [Anonymous Symbol]                       0x00001818   Section        0  dl_common.o(.text.DL_Common_delayCycles)
    [Anonymous Symbol]                       0x00001822   Section        0  dl_i2c.o(.text.DL_I2C_setClockConfig)
    [Anonymous Symbol]                       0x00001848   Section        0  dl_timer.o(.text.DL_Timer_initFourCCPWMMode)
    __arm_cp.38_1                            0x00001934   Number         4  dl_timer.o(.text.DL_Timer_initFourCCPWMMode)
    __arm_cp.38_2                            0x00001938   Number         4  dl_timer.o(.text.DL_Timer_initFourCCPWMMode)
    __arm_cp.38_4                            0x0000193c   Number         4  dl_timer.o(.text.DL_Timer_initFourCCPWMMode)
    __arm_cp.38_5                            0x00001940   Number         4  dl_timer.o(.text.DL_Timer_initFourCCPWMMode)
    __arm_cp.38_6                            0x00001944   Number         4  dl_timer.o(.text.DL_Timer_initFourCCPWMMode)
    [Anonymous Symbol]                       0x00001948   Section        0  dl_timer.o(.text.DL_Timer_initTimerMode)
    __arm_cp.2_0                             0x00001a24   Number         4  dl_timer.o(.text.DL_Timer_initTimerMode)
    __arm_cp.2_1                             0x00001a28   Number         4  dl_timer.o(.text.DL_Timer_initTimerMode)
    __arm_cp.2_2                             0x00001a2c   Number         4  dl_timer.o(.text.DL_Timer_initTimerMode)
    [Anonymous Symbol]                       0x00001a30   Section        0  dl_timer.o(.text.DL_Timer_setCaptCompUpdateMethod)
    __arm_cp.23_0                            0x00001a48   Number         4  dl_timer.o(.text.DL_Timer_setCaptCompUpdateMethod)
    [Anonymous Symbol]                       0x00001a4c   Section        0  dl_timer.o(.text.DL_Timer_setCaptureCompareOutCtl)
    __arm_cp.25_0                            0x00001a60   Number         4  dl_timer.o(.text.DL_Timer_setCaptureCompareOutCtl)
    [Anonymous Symbol]                       0x00001a64   Section        0  dl_timer.o(.text.DL_Timer_setCaptureCompareValue)
    __arm_cp.3_0                             0x00001a70   Number         4  dl_timer.o(.text.DL_Timer_setCaptureCompareValue)
    [Anonymous Symbol]                       0x00001a74   Section        0  dl_timer.o(.text.DL_Timer_setClockConfig)
    __arm_cp.0_0                             0x00001a8c   Number         4  dl_timer.o(.text.DL_Timer_setClockConfig)
    [Anonymous Symbol]                       0x00001a90   Section        0  dl_uart.o(.text.DL_UART_init)
    __arm_cp.0_0                             0x00001ad0   Number         4  dl_uart.o(.text.DL_UART_init)
    __arm_cp.0_1                             0x00001ad4   Number         4  dl_uart.o(.text.DL_UART_init)
    [Anonymous Symbol]                       0x00001ad8   Section        0  dl_uart.o(.text.DL_UART_setClockConfig)
    [Anonymous Symbol]                       0x00001aec   Section        0  hw_encoder.o(.text.GROUP1_IRQHandler)
    __arm_cp.6_0                             0x00001b90   Number         4  hw_encoder.o(.text.GROUP1_IRQHandler)
    __arm_cp.6_1                             0x00001b94   Number         4  hw_encoder.o(.text.GROUP1_IRQHandler)
    __arm_cp.6_2                             0x00001b98   Number         4  hw_encoder.o(.text.GROUP1_IRQHandler)
    [Anonymous Symbol]                       0x00001b9c   Section        0  oled.o(.text.OLED_Clear)
    __arm_cp.11_1                            0x00001ba8   Number         4  oled.o(.text.OLED_Clear)
    [Anonymous Symbol]                       0x000021f0   Section        0  oled.o(.text.OLED_Init)
    __arm_cp.22_1                            0x000022dc   Number         4  oled.o(.text.OLED_Init)
    [Anonymous Symbol]                       0x0000292c   Section        0  oled.o(.text.OLED_Refresh)
    __arm_cp.10_1                            0x00002a24   Number         4  oled.o(.text.OLED_Refresh)
    [Anonymous Symbol]                       0x00002a28   Section        0  oled.o(.text.OLED_ShowChar)
    __arm_cp.15_0                            0x00002c7c   Number         4  oled.o(.text.OLED_ShowChar)
    __arm_cp.15_1                            0x00002c80   Number         4  oled.o(.text.OLED_ShowChar)
    __arm_cp.15_2                            0x00002c84   Number         4  oled.o(.text.OLED_ShowChar)
    __arm_cp.15_3                            0x00002c88   Number         4  oled.o(.text.OLED_ShowChar)
    __arm_cp.15_4                            0x00002c8c   Number         4  oled.o(.text.OLED_ShowChar)
    [Anonymous Symbol]                       0x00002c90   Section        0  oled.o(.text.OLED_ShowString)
    [Anonymous Symbol]                       0x00002ce0   Section        0  oled.o(.text.OLED_WR_Byte)
    __arm_cp.1_0                             0x00002d7c   Number         4  oled.o(.text.OLED_WR_Byte)
    [Anonymous Symbol]                       0x00002d80   Section        0  ti_msp_dl_config.o(.text.SYSCFG_DL_GPIO_init)
    __arm_cp.2_0                             0x00002e64   Number         4  ti_msp_dl_config.o(.text.SYSCFG_DL_GPIO_init)
    __arm_cp.2_1                             0x00002e68   Number         4  ti_msp_dl_config.o(.text.SYSCFG_DL_GPIO_init)
    __arm_cp.2_2                             0x00002e6c   Number         4  ti_msp_dl_config.o(.text.SYSCFG_DL_GPIO_init)
    __arm_cp.2_3                             0x00002e70   Number         4  ti_msp_dl_config.o(.text.SYSCFG_DL_GPIO_init)
    __arm_cp.2_4                             0x00002e74   Number         4  ti_msp_dl_config.o(.text.SYSCFG_DL_GPIO_init)
    __arm_cp.2_5                             0x00002e78   Number         4  ti_msp_dl_config.o(.text.SYSCFG_DL_GPIO_init)
    __arm_cp.2_6                             0x00002e7c   Number         4  ti_msp_dl_config.o(.text.SYSCFG_DL_GPIO_init)
    __arm_cp.2_7                             0x00002e80   Number         4  ti_msp_dl_config.o(.text.SYSCFG_DL_GPIO_init)
    __arm_cp.2_8                             0x00002e84   Number         4  ti_msp_dl_config.o(.text.SYSCFG_DL_GPIO_init)
    __arm_cp.2_9                             0x00002e88   Number         4  ti_msp_dl_config.o(.text.SYSCFG_DL_GPIO_init)
    __arm_cp.2_10                            0x00002e8c   Number         4  ti_msp_dl_config.o(.text.SYSCFG_DL_GPIO_init)
    __arm_cp.2_11                            0x00002e90   Number         4  ti_msp_dl_config.o(.text.SYSCFG_DL_GPIO_init)
    __arm_cp.2_12                            0x00002e94   Number         4  ti_msp_dl_config.o(.text.SYSCFG_DL_GPIO_init)
    __arm_cp.2_13                            0x00002e98   Number         4  ti_msp_dl_config.o(.text.SYSCFG_DL_GPIO_init)
    __arm_cp.2_14                            0x00002e9c   Number         4  ti_msp_dl_config.o(.text.SYSCFG_DL_GPIO_init)
    [Anonymous Symbol]                       0x00002ea0   Section        0  ti_msp_dl_config.o(.text.SYSCFG_DL_I2C_0_init)
    __arm_cp.6_0                             0x00002ee8   Number         4  ti_msp_dl_config.o(.text.SYSCFG_DL_I2C_0_init)
    __arm_cp.6_1                             0x00002eec   Number         4  ti_msp_dl_config.o(.text.SYSCFG_DL_I2C_0_init)
    __arm_cp.6_2                             0x00002ef0   Number         4  ti_msp_dl_config.o(.text.SYSCFG_DL_I2C_0_init)
    [Anonymous Symbol]                       0x00002ef4   Section        0  ti_msp_dl_config.o(.text.SYSCFG_DL_PWM_0_init)
    __arm_cp.4_0                             0x00002f6c   Number         4  ti_msp_dl_config.o(.text.SYSCFG_DL_PWM_0_init)
    __arm_cp.4_1                             0x00002f70   Number         4  ti_msp_dl_config.o(.text.SYSCFG_DL_PWM_0_init)
    __arm_cp.4_2                             0x00002f74   Number         4  ti_msp_dl_config.o(.text.SYSCFG_DL_PWM_0_init)
    __arm_cp.4_3                             0x00002f78   Number         4  ti_msp_dl_config.o(.text.SYSCFG_DL_PWM_0_init)
    __arm_cp.4_4                             0x00002f7c   Number         4  ti_msp_dl_config.o(.text.SYSCFG_DL_PWM_0_init)
    __arm_cp.4_5                             0x00002f80   Number         4  ti_msp_dl_config.o(.text.SYSCFG_DL_PWM_0_init)
    [Anonymous Symbol]                       0x00002f84   Section        0  ti_msp_dl_config.o(.text.SYSCFG_DL_SYSCTL_init)
    __arm_cp.3_0                             0x00002fc4   Number         4  ti_msp_dl_config.o(.text.SYSCFG_DL_SYSCTL_init)
    __arm_cp.3_1                             0x00002fc8   Number         4  ti_msp_dl_config.o(.text.SYSCFG_DL_SYSCTL_init)
    __arm_cp.3_2                             0x00002fcc   Number         4  ti_msp_dl_config.o(.text.SYSCFG_DL_SYSCTL_init)
    [Anonymous Symbol]                       0x00002fd0   Section        0  ti_msp_dl_config.o(.text.SYSCFG_DL_SYSTICK_init)
    __arm_cp.8_0                             0x00002fe8   Number         4  ti_msp_dl_config.o(.text.SYSCFG_DL_SYSTICK_init)
    [Anonymous Symbol]                       0x00002fec   Section        0  ti_msp_dl_config.o(.text.SYSCFG_DL_TIMER_TICK_init)
    __arm_cp.5_0                             0x00003024   Number         4  ti_msp_dl_config.o(.text.SYSCFG_DL_TIMER_TICK_init)
    __arm_cp.5_1                             0x00003028   Number         4  ti_msp_dl_config.o(.text.SYSCFG_DL_TIMER_TICK_init)
    __arm_cp.5_2                             0x0000302c   Number         4  ti_msp_dl_config.o(.text.SYSCFG_DL_TIMER_TICK_init)
    __arm_cp.5_3                             0x00003030   Number         4  ti_msp_dl_config.o(.text.SYSCFG_DL_TIMER_TICK_init)
    __arm_cp.5_4                             0x00003034   Number         4  ti_msp_dl_config.o(.text.SYSCFG_DL_TIMER_TICK_init)
    __arm_cp.5_5                             0x00003038   Number         4  ti_msp_dl_config.o(.text.SYSCFG_DL_TIMER_TICK_init)
    [Anonymous Symbol]                       0x0000303c   Section        0  ti_msp_dl_config.o(.text.SYSCFG_DL_UART_0_init)
    __arm_cp.7_0                             0x00003094   Number         4  ti_msp_dl_config.o(.text.SYSCFG_DL_UART_0_init)
    __arm_cp.7_1                             0x00003098   Number         4  ti_msp_dl_config.o(.text.SYSCFG_DL_UART_0_init)
    __arm_cp.7_2                             0x0000309c   Number         4  ti_msp_dl_config.o(.text.SYSCFG_DL_UART_0_init)
    __arm_cp.7_3                             0x000030a0   Number         4  ti_msp_dl_config.o(.text.SYSCFG_DL_UART_0_init)
    __arm_cp.7_4                             0x000030a4   Number         4  ti_msp_dl_config.o(.text.SYSCFG_DL_UART_0_init)
    __arm_cp.7_5                             0x000030a8   Number         4  ti_msp_dl_config.o(.text.SYSCFG_DL_UART_0_init)
    [Anonymous Symbol]                       0x000030ac   Section        0  ti_msp_dl_config.o(.text.SYSCFG_DL_init)
    __arm_cp.0_0                             0x000030dc   Number         4  ti_msp_dl_config.o(.text.SYSCFG_DL_init)
    __arm_cp.0_1                             0x000030e0   Number         4  ti_msp_dl_config.o(.text.SYSCFG_DL_init)
    [Anonymous Symbol]                       0x000030e4   Section        0  ti_msp_dl_config.o(.text.SYSCFG_DL_initPower)
    __arm_cp.1_0                             0x00003118   Number         4  ti_msp_dl_config.o(.text.SYSCFG_DL_initPower)
    __arm_cp.1_1                             0x0000311c   Number         4  ti_msp_dl_config.o(.text.SYSCFG_DL_initPower)
    __arm_cp.1_2                             0x00003120   Number         4  ti_msp_dl_config.o(.text.SYSCFG_DL_initPower)
    __arm_cp.1_3                             0x00003124   Number         4  ti_msp_dl_config.o(.text.SYSCFG_DL_initPower)
    __arm_cp.1_4                             0x00003128   Number         4  ti_msp_dl_config.o(.text.SYSCFG_DL_initPower)
    __arm_cp.1_5                             0x0000312c   Number         4  ti_msp_dl_config.o(.text.SYSCFG_DL_initPower)
    __arm_cp.1_6                             0x00003130   Number         4  ti_msp_dl_config.o(.text.SYSCFG_DL_initPower)
    __arm_cp.1_7                             0x00003134   Number         4  ti_msp_dl_config.o(.text.SYSCFG_DL_initPower)
    [Anonymous Symbol]                       0x00003138   Section        0  oled.o(.text.Send_Byte)
    __arm_cp.7_0                             0x0000324c   Number         4  oled.o(.text.Send_Byte)
    [Anonymous Symbol]                       0x00003250   Section        0  bsp_tb6612.o(.text.Set_Motor_PWM)
    __arm_cp.6_0                             0x000032e8   Number         4  bsp_tb6612.o(.text.Set_Motor_PWM)
    __arm_cp.6_1                             0x000032ec   Number         4  bsp_tb6612.o(.text.Set_Motor_PWM)
    __arm_cp.6_2                             0x000032f0   Number         4  bsp_tb6612.o(.text.Set_Motor_PWM)
    __arm_cp.6_3                             0x000032f4   Number         4  bsp_tb6612.o(.text.Set_Motor_PWM)
    __arm_cp.6_4                             0x000032f8   Number         4  bsp_tb6612.o(.text.Set_Motor_PWM)
    __arm_cp.6_5                             0x000032fc   Number         4  bsp_tb6612.o(.text.Set_Motor_PWM)
    [Anonymous Symbol]                       0x00003300   Section        0  hw_timer.o(.text.TIMA0_IRQHandler)
    __arm_cp.2_0                             0x00003330   Number         4  hw_timer.o(.text.TIMA0_IRQHandler)
    __arm_cp.2_1                             0x00003334   Number         4  hw_timer.o(.text.TIMA0_IRQHandler)
    __arm_cp.2_2                             0x00003338   Number         4  hw_timer.o(.text.TIMA0_IRQHandler)
    [Anonymous Symbol]                       0x0000333c   Section        0  board.o(.text.UART0_IRQHandler)
    __arm_cp.9_0                             0x00003368   Number         4  board.o(.text.UART0_IRQHandler)
    __arm_cp.9_1                             0x0000336c   Number         4  board.o(.text.UART0_IRQHandler)
    __arm_cp.9_2                             0x00003370   Number         4  board.o(.text.UART0_IRQHandler)
    __arm_cp.9_3                             0x00003374   Number         4  board.o(.text.UART0_IRQHandler)
    [Anonymous Symbol]                       0x00003378   Section        0  control.o(.text.Velocity)
    __arm_cp.1_0                             0x00003414   Number         4  control.o(.text.Velocity)
    __arm_cp.1_1                             0x00003418   Number         4  control.o(.text.Velocity)
    __arm_cp.1_2                             0x0000341c   Number         4  control.o(.text.Velocity)
    __arm_cp.1_3                             0x00003420   Number         4  control.o(.text.Velocity)
    __arm_cp.1_4                             0x00003424   Number         4  control.o(.text.Velocity)
    __arm_cp.1_5                             0x00003428   Number         4  control.o(.text.Velocity)
    __arm_cp.1_6                             0x0000342c   Number         4  control.o(.text.Velocity)
    __arm_cp.1_7                             0x00003430   Number         4  control.o(.text.Velocity)
    __arm_cp.1_8                             0x00003434   Number         4  control.o(.text.Velocity)
    __arm_cp.1_9                             0x00003438   Number         4  control.o(.text.Velocity)
    [Anonymous Symbol]                       0x0000343c   Section        0  board.o(.text._sys_exit)
    [Anonymous Symbol]                       0x00003440   Section        0  board.o(.text.board_init)
    __arm_cp.0_0                             0x0000345c   Number         4  board.o(.text.board_init)
    __arm_cp.0_1                             0x00003460   Number         4  board.o(.text.board_init)
    [Anonymous Symbol]                       0x00003484   Section        0  board.o(.text.delay_ms)
    [Anonymous Symbol]                       0x000034c8   Section        0  board.o(.text.delay_us)
    __arm_cp.1_0                             0x00003508   Number         4  board.o(.text.delay_us)
    [Anonymous Symbol]                       0x0000350c   Section        0  hw_encoder.o(.text.encoder_init)
    [Anonymous Symbol]                       0x00003518   Section        0  hw_encoder.o(.text.encoder_reset)
    [Anonymous Symbol]                       0x00003528   Section        0  hw_encoder.o(.text.encoder_update)
    [Anonymous Symbol]                       0x00003538   Section        0  board.o(.text.fputc)
    __arm_cp.8_0                             0x00003558   Number         4  board.o(.text.fputc)
    [Anonymous Symbol]                       0x0000355c   Section        0  hw_encoder.o(.text.get_encoder_count)
    [Anonymous Symbol]                       0x00003564   Section        0  hw_encoder.o(.text.get_encoder_count2)
    __arm_cp.2_0                             0x0000356c   Number         4  hw_encoder.o(.text.get_encoder_count2)
    [Anonymous Symbol]                       0x00003570   Section        0  jy61p.o(.text.jy61p_ReceiveData)
    __arm_cp.0_0                             0x000036fc   Number         4  jy61p.o(.text.jy61p_ReceiveData)
    __arm_cp.0_1                             0x00003700   Number         4  jy61p.o(.text.jy61p_ReceiveData)
    __arm_cp.0_2                             0x00003704   Number         4  jy61p.o(.text.jy61p_ReceiveData)
    __arm_cp.0_3                             0x00003708   Number         4  jy61p.o(.text.jy61p_ReceiveData)
    __arm_cp.0_4                             0x0000370c   Number         4  jy61p.o(.text.jy61p_ReceiveData)
    __arm_cp.0_6                             0x00003710   Number         4  jy61p.o(.text.jy61p_ReceiveData)
    __arm_cp.0_7                             0x00003714   Number         4  jy61p.o(.text.jy61p_ReceiveData)
    __arm_cp.0_8                             0x00003718   Number         4  jy61p.o(.text.jy61p_ReceiveData)
    __arm_cp.0_9                             0x0000371c   Number         4  jy61p.o(.text.jy61p_ReceiveData)
    __arm_cp.0_10                            0x00003720   Number         4  jy61p.o(.text.jy61p_ReceiveData)
    __arm_cp.0_11                            0x00003724   Number         4  jy61p.o(.text.jy61p_ReceiveData)
    __arm_cp.0_12                            0x00003728   Number         4  jy61p.o(.text.jy61p_ReceiveData)
    __arm_cp.0_13                            0x0000372c   Number         4  jy61p.o(.text.jy61p_ReceiveData)
    [Anonymous Symbol]                       0x00003730   Section        0  empty.o(.text.main)
    __arm_cp.0_0                             0x000037ec   Number         4  empty.o(.text.main)
    __arm_cp.0_1                             0x000037f0   Number         4  empty.o(.text.main)
    __arm_cp.0_2                             0x000037f4   Number         4  empty.o(.text.main)
    __arm_cp.0_3                             0x000037f8   Number         4  empty.o(.text.main)
    __arm_cp.0_4                             0x000037fc   Number         4  empty.o(.text.main)
    __arm_cp.0_5                             0x00003800   Number         4  empty.o(.text.main)
    __arm_cp.0_6                             0x00003804   Number         4  empty.o(.text.main)
    __arm_cp.0_7                             0x00003808   Number         4  empty.o(.text.main)
    [Anonymous Symbol]                       0x00003818   Section        0  hw_timer.o(.text.timer_init)
    __arm_cp.0_0                             0x00003828   Number         4  hw_timer.o(.text.timer_init)
    __arm_cp.0_1                             0x0000382c   Number         4  hw_timer.o(.text.timer_init)
    [Anonymous Symbol]                       0x00003830   Section        0  empty.o(.text.ui_encoder_value_update)
    __arm_cp.1_0                             0x000038a4   Number         4  empty.o(.text.ui_encoder_value_update)
    __arm_cp.1_2                             0x000038b4   Number         4  empty.o(.text.ui_encoder_value_update)
    i.__ARM_common_ll_muluu                  0x000038c4   Section        0  btod.o(i.__ARM_common_ll_muluu)
    i.__ARM_fpclassify                       0x000038f4   Section        0  fpclassify.o(i.__ARM_fpclassify)
    i._fgeq                                  0x00003920   Section        0  fcmp.o(i._fgeq)
    i._fleq                                  0x00003936   Section        0  fcmp.o(i._fleq)
    i._is_digit                              0x00003950   Section        0  __printf_wp.o(i._is_digit)
    locale$$code                             0x00003960   Section       44  lc_numeric_c.o(locale$$code)
    x$fpl$fadd                               0x0000398c   Section      140  faddsub.o(x$fpl$fadd)
    _fadd1                                   0x00003999   Thumb Code     0  faddsub.o(x$fpl$fadd)
    x$fpl$fgeqf                              0x00003a18   Section       84  fgef.o(x$fpl$fgeqf)
    x$fpl$fleqf                              0x00003a6c   Section       84  flef.o(x$fpl$fleqf)
    x$fpl$fmul                               0x00003ac0   Section      176  fmul.o(x$fpl$fmul)
    x$fpl$fsub                               0x00003b70   Section      208  faddsub.o(x$fpl$fsub)
    _fsub1                                   0x00003b7d   Thumb Code     0  faddsub.o(x$fpl$fsub)
    x$fpl$printf1                            0x00003c40   Section       16  printf1.o(x$fpl$printf1)
    fdiv_tab                                 0x00003c50   Data          64  fdiv.o(.constdata)
    .constdata                               0x00003c50   Section       64  fdiv.o(.constdata)
    x$fpl$usenofp                            0x00003c50   Section        0  usenofp.o(x$fpl$usenofp)
    tenpwrs_x                                0x00003c90   Data          60  bigflt0.o(.constdata)
    .constdata                               0x00003c90   Section      148  bigflt0.o(.constdata)
    tenpwrs_i                                0x00003ccc   Data          64  bigflt0.o(.constdata)
    gI2C_0ClockConfig                        0x0000570c   Data           2  ti_msp_dl_config.o(.rodata.gI2C_0ClockConfig)
    [Anonymous Symbol]                       0x0000570c   Section        0  ti_msp_dl_config.o(.rodata.gI2C_0ClockConfig)
    gPWM_0ClockConfig                        0x0000570e   Data           3  ti_msp_dl_config.o(.rodata.gPWM_0ClockConfig)
    [Anonymous Symbol]                       0x0000570e   Section        0  ti_msp_dl_config.o(.rodata.gPWM_0ClockConfig)
    gPWM_0Config                             0x00005714   Data           8  ti_msp_dl_config.o(.rodata.gPWM_0Config)
    [Anonymous Symbol]                       0x00005714   Section        0  ti_msp_dl_config.o(.rodata.gPWM_0Config)
    gTIMER_TICKClockConfig                   0x0000571c   Data           3  ti_msp_dl_config.o(.rodata.gTIMER_TICKClockConfig)
    [Anonymous Symbol]                       0x0000571c   Section        0  ti_msp_dl_config.o(.rodata.gTIMER_TICKClockConfig)
    gTIMER_TICKTimerConfig                   0x00005720   Data          20  ti_msp_dl_config.o(.rodata.gTIMER_TICKTimerConfig)
    [Anonymous Symbol]                       0x00005720   Section        0  ti_msp_dl_config.o(.rodata.gTIMER_TICKTimerConfig)
    gUART_0ClockConfig                       0x00005734   Data           2  ti_msp_dl_config.o(.rodata.gUART_0ClockConfig)
    [Anonymous Symbol]                       0x00005734   Section        0  ti_msp_dl_config.o(.rodata.gUART_0ClockConfig)
    gUART_0Config                            0x00005736   Data          10  ti_msp_dl_config.o(.rodata.gUART_0Config)
    [Anonymous Symbol]                       0x00005736   Section        0  ti_msp_dl_config.o(.rodata.gUART_0Config)
    [Anonymous Symbol]                       0x00005740   Section        0  empty.o(.rodata.str1.1)
    locale$$data                             0x00005770   Section       28  lc_numeric_c.o(locale$$data)
    __lcnum_c_name                           0x00005774   Data           2  lc_numeric_c.o(locale$$data)
    __lcnum_c_start                          0x0000577c   Data           0  lc_numeric_c.o(locale$$data)
    __lcnum_c_point                          0x00005788   Data           0  lc_numeric_c.o(locale$$data)
    __lcnum_c_thousands                      0x0000578a   Data           0  lc_numeric_c.o(locale$$data)
    __lcnum_c_grouping                       0x0000578b   Data           0  lc_numeric_c.o(locale$$data)
    __lcnum_c_end                            0x0000578c   Data           0  lc_numeric_c.o(locale$$data)
    ui_encoder_value_update.last_encoder_count 0x20200010   Data           4  empty.o(.data.ui_encoder_value_update.last_encoder_count)
    [Anonymous Symbol]                       0x20200010   Section        0  empty.o(.data.ui_encoder_value_update.last_encoder_count)
    ui_encoder_value_update.last_encoder_count2 0x20200014   Data           4  empty.o(.data.ui_encoder_value_update.last_encoder_count2)
    [Anonymous Symbol]                       0x20200014   Section        0  empty.o(.data.ui_encoder_value_update.last_encoder_count2)
    .bss                                     0x20200018   Section       96  libspace.o(.bss)
    RxBuffer                                 0x20200598   Data          11  jy61p.o(.bss.RxBuffer)
    [Anonymous Symbol]                       0x20200598   Section        0  jy61p.o(.bss.RxBuffer)
    RxIndex                                  0x202005a3   Data           1  jy61p.o(.bss.RxIndex)
    [Anonymous Symbol]                       0x202005a3   Section        0  jy61p.o(.bss.RxIndex)
    RxState                                  0x202005a4   Data           1  jy61p.o(.bss.RxState)
    [Anonymous Symbol]                       0x202005a4   Section        0  jy61p.o(.bss.RxState)
    TIMA0_IRQHandler.count_10ms              0x202005a6   Data           2  hw_timer.o(.bss.TIMA0_IRQHandler.count_10ms)
    [Anonymous Symbol]                       0x202005a6   Section        0  hw_timer.o(.bss.TIMA0_IRQHandler.count_10ms)
    Velocity.Encoder_S                       0x202005bc   Data           4  control.o(.bss.Velocity.Encoder_S)
    [Anonymous Symbol]                       0x202005bc   Section        0  control.o(.bss.Velocity.Encoder_S)
    Velocity.Err_LowOut_last                 0x202005c0   Data           4  control.o(.bss.Velocity.Err_LowOut_last)
    [Anonymous Symbol]                       0x202005c0   Section        0  control.o(.bss.Velocity.Err_LowOut_last)
    motor_encoder                            0x202007b0   Data          32  hw_encoder.o(.bss.motor_encoder)
    [Anonymous Symbol]                       0x202007b0   Section        0  hw_encoder.o(.bss.motor_encoder)
    Heap_Mem                                 0x202007e8   Data         512  startup_mspm0g350x_uvision.o(HEAP)
    HEAP                                     0x202007e8   Section      512  startup_mspm0g350x_uvision.o(HEAP)
    Stack_Mem                                0x202009e8   Data        1024  startup_mspm0g350x_uvision.o(STACK)
    STACK                                    0x202009e8   Section     1024  startup_mspm0g350x_uvision.o(STACK)
    __initial_sp                             0x20200de8   Data           0  startup_mspm0g350x_uvision.o(STACK)

    Global Symbols

    Symbol Name                              Value     Ov Type        Size  Object(Section)

    BuildAttributes$$THM_ISAv3M$S$PE$A:L22$X:L11$S22$IEEE1$IW$~IW$USESV6$~STKCKD$USESV7$~SHL$OTIME$ROPI$IEEEJ$EBA8$UX$STANDARDLIB$REQ8$PRES8$EABIv2 0x00000000   Number         0  anon$$obj.o ABSOLUTE
    __Vectors                                0x00000000   Data           4  startup_mspm0g350x_uvision.o(RESET)
    _printf_flags                            0x00000000   Number         0  printf_stubs.o ABSOLUTE
    _printf_return_value                     0x00000000   Number         0  printf_stubs.o ABSOLUTE
    _printf_sizespec                         0x00000000   Number         0  printf_stubs.o ABSOLUTE
    _printf_widthprec                        0x00000000   Number         0  printf_stubs.o ABSOLUTE
    __ARM_exceptions_init                     - Undefined Weak Reference
    __alloca_initialize                       - Undefined Weak Reference
    __arm_preinit_                            - Undefined Weak Reference
    __arm_relocate_pie_                       - Undefined Weak Reference
    __cpp_initialize__aeabi_                  - Undefined Weak Reference
    __cxa_finalize                            - Undefined Weak Reference
    __sigvec_lookup                           - Undefined Weak Reference
    _atexit_init                              - Undefined Weak Reference
    _call_atexit_fns                          - Undefined Weak Reference
    _clock_init                               - Undefined Weak Reference
    _fp_trap_init                             - Undefined Weak Reference
    _fp_trap_shutdown                         - Undefined Weak Reference
    _get_lc_collate                           - Undefined Weak Reference
    _get_lc_ctype                             - Undefined Weak Reference
    _get_lc_monetary                          - Undefined Weak Reference
    _get_lc_time                              - Undefined Weak Reference
    _getenv_init                              - Undefined Weak Reference
    _handle_redirection                       - Undefined Weak Reference
    _init_alloc                               - Undefined Weak Reference
    _init_user_alloc                          - Undefined Weak Reference
    _initio                                   - Undefined Weak Reference
    _printf_post_padding                      - Undefined Weak Reference
    _printf_pre_padding                       - Undefined Weak Reference
    _printf_truncate_signed                   - Undefined Weak Reference
    _printf_truncate_unsigned                 - Undefined Weak Reference
    _rand_init                                - Undefined Weak Reference
    _signal_finish                            - Undefined Weak Reference
    _signal_init                              - Undefined Weak Reference
    _terminate_alloc                          - Undefined Weak Reference
    _terminate_user_alloc                     - Undefined Weak Reference
    _terminateio                              - Undefined Weak Reference
    __Vectors_End                            0x000000c0   Data           0  startup_mspm0g350x_uvision.o(RESET)
    __Vectors_Size                           0x000000c0   Number         0  startup_mspm0g350x_uvision.o ABSOLUTE
    __main                                   0x000000c1   Thumb Code     8  __main.o(!!!main)
    __scatterload                            0x000000c9   Thumb Code     0  __scatter.o(!!!scatter)
    __scatterload_rt2                        0x000000c9   Thumb Code    74  __scatter.o(!!!scatter)
    __scatterload_rt2_thumb_only             0x000000c9   Thumb Code     0  __scatter.o(!!!scatter)
    __scatterload_loop                       0x000000d3   Thumb Code     0  __scatter.o(!!!scatter)
    __scatterload_copy                       0x00000121   Thumb Code    26  __scatter_copy.o(!!handler_copy)
    __scatterload_null                       0x00000141   Thumb Code     2  __scatter.o(!!handler_null)
    __scatterload_zeroinit                   0x00000149   Thumb Code    28  __scatter_zi.o(!!handler_zi)
    _printf_percent                          0x00000165   Thumb Code     0  _printf_percent.o(.ARM.Collect$$_printf_percent$$00000000)
    _printf_f                                0x00000167   Thumb Code     0  _printf_f.o(.ARM.Collect$$_printf_percent$$00000003)
    _printf_d                                0x00000171   Thumb Code     0  _printf_d.o(.ARM.Collect$$_printf_percent$$00000009)
    _printf_percent_end                      0x0000017b   Thumb Code     0  _printf_percent_end.o(.ARM.Collect$$_printf_percent$$00000017)
    __rt_lib_init                            0x0000017f   Thumb Code     0  libinit.o(.ARM.Collect$$libinit$$00000000)
    __rt_lib_init_fp_1                       0x00000181   Thumb Code     0  libinit2.o(.ARM.Collect$$libinit$$00000002)
    __rt_lib_init_heap_1                     0x00000181   Thumb Code     0  libinit2.o(.ARM.Collect$$libinit$$0000000C)
    __rt_lib_init_lc_common                  0x00000181   Thumb Code     0  libinit2.o(.ARM.Collect$$libinit$$00000011)
    __rt_lib_init_preinit_1                  0x00000181   Thumb Code     0  libinit2.o(.ARM.Collect$$libinit$$00000006)
    __rt_lib_init_rand_1                     0x00000181   Thumb Code     0  libinit2.o(.ARM.Collect$$libinit$$00000010)
    __rt_lib_init_relocate_pie_1             0x00000181   Thumb Code     0  libinit2.o(.ARM.Collect$$libinit$$00000004)
    __rt_lib_init_user_alloc_1               0x00000181   Thumb Code     0  libinit2.o(.ARM.Collect$$libinit$$0000000E)
    __rt_lib_init_lc_collate_1               0x00000187   Thumb Code     0  libinit2.o(.ARM.Collect$$libinit$$00000013)
    __rt_lib_init_lc_ctype_1                 0x00000187   Thumb Code     0  libinit2.o(.ARM.Collect$$libinit$$00000015)
    __rt_lib_init_lc_monetary_1              0x00000187   Thumb Code     0  libinit2.o(.ARM.Collect$$libinit$$00000017)
    __rt_lib_init_lc_numeric_2               0x00000187   Thumb Code     0  libinit2.o(.ARM.Collect$$libinit$$00000018)
    __rt_lib_init_alloca_1                   0x00000191   Thumb Code     0  libinit2.o(.ARM.Collect$$libinit$$00000030)
    __rt_lib_init_argv_1                     0x00000191   Thumb Code     0  libinit2.o(.ARM.Collect$$libinit$$0000002E)
    __rt_lib_init_atexit_1                   0x00000191   Thumb Code     0  libinit2.o(.ARM.Collect$$libinit$$0000001D)
    __rt_lib_init_clock_1                    0x00000191   Thumb Code     0  libinit2.o(.ARM.Collect$$libinit$$00000023)
    __rt_lib_init_cpp_1                      0x00000191   Thumb Code     0  libinit2.o(.ARM.Collect$$libinit$$00000034)
    __rt_lib_init_exceptions_1               0x00000191   Thumb Code     0  libinit2.o(.ARM.Collect$$libinit$$00000032)
    __rt_lib_init_fp_trap_1                  0x00000191   Thumb Code     0  libinit2.o(.ARM.Collect$$libinit$$00000021)
    __rt_lib_init_getenv_1                   0x00000191   Thumb Code     0  libinit2.o(.ARM.Collect$$libinit$$00000025)
    __rt_lib_init_lc_numeric_1               0x00000191   Thumb Code     0  libinit2.o(.ARM.Collect$$libinit$$00000019)
    __rt_lib_init_lc_time_1                  0x00000191   Thumb Code     0  libinit2.o(.ARM.Collect$$libinit$$0000001B)
    __rt_lib_init_return                     0x00000191   Thumb Code     0  libinit2.o(.ARM.Collect$$libinit$$00000035)
    __rt_lib_init_signal_1                   0x00000191   Thumb Code     0  libinit2.o(.ARM.Collect$$libinit$$0000001F)
    __rt_lib_init_stdio_1                    0x00000191   Thumb Code     0  libinit2.o(.ARM.Collect$$libinit$$00000027)
    __rt_lib_shutdown                        0x00000193   Thumb Code     0  libshutdown.o(.ARM.Collect$$libshutdown$$00000000)
    __rt_lib_shutdown_cpp_1                  0x00000195   Thumb Code     0  libshutdown2.o(.ARM.Collect$$libshutdown$$00000002)
    __rt_lib_shutdown_fp_trap_1              0x00000195   Thumb Code     0  libshutdown2.o(.ARM.Collect$$libshutdown$$00000007)
    __rt_lib_shutdown_heap_1                 0x00000195   Thumb Code     0  libshutdown2.o(.ARM.Collect$$libshutdown$$0000000F)
    __rt_lib_shutdown_return                 0x00000195   Thumb Code     0  libshutdown2.o(.ARM.Collect$$libshutdown$$00000010)
    __rt_lib_shutdown_signal_1               0x00000195   Thumb Code     0  libshutdown2.o(.ARM.Collect$$libshutdown$$0000000A)
    __rt_lib_shutdown_stdio_1                0x00000195   Thumb Code     0  libshutdown2.o(.ARM.Collect$$libshutdown$$00000004)
    __rt_lib_shutdown_user_alloc_1           0x00000195   Thumb Code     0  libshutdown2.o(.ARM.Collect$$libshutdown$$0000000C)
    __rt_entry                               0x00000197   Thumb Code     0  __rtentry.o(.ARM.Collect$$rtentry$$00000000)
    __rt_entry_presh_1                       0x00000197   Thumb Code     0  __rtentry2.o(.ARM.Collect$$rtentry$$00000002)
    __rt_entry_sh                            0x00000197   Thumb Code     0  __rtentry4.o(.ARM.Collect$$rtentry$$00000004)
    __rt_entry_li                            0x0000019d   Thumb Code     0  __rtentry2.o(.ARM.Collect$$rtentry$$0000000A)
    __rt_entry_postsh_1                      0x0000019d   Thumb Code     0  __rtentry2.o(.ARM.Collect$$rtentry$$00000009)
    __rt_entry_main                          0x000001a1   Thumb Code     0  __rtentry2.o(.ARM.Collect$$rtentry$$0000000D)
    __rt_entry_postli_1                      0x000001a1   Thumb Code     0  __rtentry2.o(.ARM.Collect$$rtentry$$0000000C)
    __rt_exit                                0x000001a9   Thumb Code     0  rtexit.o(.ARM.Collect$$rtexit$$00000000)
    __rt_exit_ls                             0x000001ab   Thumb Code     0  rtexit2.o(.ARM.Collect$$rtexit$$00000003)
    __rt_exit_prels_1                        0x000001ab   Thumb Code     0  rtexit2.o(.ARM.Collect$$rtexit$$00000002)
    __rt_exit_exit                           0x000001af   Thumb Code     0  rtexit2.o(.ARM.Collect$$rtexit$$00000004)
    Reset_Handler                            0x000001b5   Thumb Code     4  startup_mspm0g350x_uvision.o(.text)
    NMI_Handler                              0x000001b9   Thumb Code     2  startup_mspm0g350x_uvision.o(.text)
    HardFault_Handler                        0x000001bb   Thumb Code     2  startup_mspm0g350x_uvision.o(.text)
    SVC_Handler                              0x000001bd   Thumb Code     2  startup_mspm0g350x_uvision.o(.text)
    PendSV_Handler                           0x000001bf   Thumb Code     2  startup_mspm0g350x_uvision.o(.text)
    SysTick_Handler                          0x000001c1   Thumb Code     2  startup_mspm0g350x_uvision.o(.text)
    ADC0_IRQHandler                          0x000001c3   Thumb Code     0  startup_mspm0g350x_uvision.o(.text)
    ADC1_IRQHandler                          0x000001c3   Thumb Code     0  startup_mspm0g350x_uvision.o(.text)
    AES_IRQHandler                           0x000001c3   Thumb Code     0  startup_mspm0g350x_uvision.o(.text)
    CANFD0_IRQHandler                        0x000001c3   Thumb Code     0  startup_mspm0g350x_uvision.o(.text)
    DAC0_IRQHandler                          0x000001c3   Thumb Code     0  startup_mspm0g350x_uvision.o(.text)
    DMA_IRQHandler                           0x000001c3   Thumb Code     0  startup_mspm0g350x_uvision.o(.text)
    Default_Handler                          0x000001c3   Thumb Code     2  startup_mspm0g350x_uvision.o(.text)
    GROUP0_IRQHandler                        0x000001c3   Thumb Code     0  startup_mspm0g350x_uvision.o(.text)
    I2C0_IRQHandler                          0x000001c3   Thumb Code     0  startup_mspm0g350x_uvision.o(.text)
    I2C1_IRQHandler                          0x000001c3   Thumb Code     0  startup_mspm0g350x_uvision.o(.text)
    RTC_IRQHandler                           0x000001c3   Thumb Code     0  startup_mspm0g350x_uvision.o(.text)
    SPI0_IRQHandler                          0x000001c3   Thumb Code     0  startup_mspm0g350x_uvision.o(.text)
    SPI1_IRQHandler                          0x000001c3   Thumb Code     0  startup_mspm0g350x_uvision.o(.text)
    TIMA1_IRQHandler                         0x000001c3   Thumb Code     0  startup_mspm0g350x_uvision.o(.text)
    TIMG0_IRQHandler                         0x000001c3   Thumb Code     0  startup_mspm0g350x_uvision.o(.text)
    TIMG12_IRQHandler                        0x000001c3   Thumb Code     0  startup_mspm0g350x_uvision.o(.text)
    TIMG6_IRQHandler                         0x000001c3   Thumb Code     0  startup_mspm0g350x_uvision.o(.text)
    TIMG7_IRQHandler                         0x000001c3   Thumb Code     0  startup_mspm0g350x_uvision.o(.text)
    TIMG8_IRQHandler                         0x000001c3   Thumb Code     0  startup_mspm0g350x_uvision.o(.text)
    UART1_IRQHandler                         0x000001c3   Thumb Code     0  startup_mspm0g350x_uvision.o(.text)
    UART2_IRQHandler                         0x000001c3   Thumb Code     0  startup_mspm0g350x_uvision.o(.text)
    UART3_IRQHandler                         0x000001c3   Thumb Code     0  startup_mspm0g350x_uvision.o(.text)
    __user_initial_stackheap                 0x000001c5   Thumb Code    10  startup_mspm0g350x_uvision.o(.text)
    __2sprintf                               0x000001e5   Thumb Code    36  noretval__2sprintf.o(.text)
    _printf_int_dec                          0x0000020d   Thumb Code    90  _printf_dec.o(.text)
    __printf                                 0x00000279   Thumb Code   270  __printf_wp.o(.text)
    puts                                     0x00000389   Thumb Code    38  puts.o(.text)
    _memset_w                                0x000003b5   Thumb Code    26  rt_memclr.o(.text)
    _memset                                  0x000003cf   Thumb Code    30  rt_memclr.o(.text)
    __aeabi_memclr                           0x000003ed   Thumb Code     4  rt_memclr.o(.text)
    __rt_memclr                              0x000003ed   Thumb Code     0  rt_memclr.o(.text)
    __aeabi_memclr4                          0x000003f1   Thumb Code     0  rt_memclr.o(.text)
    __aeabi_memclr8                          0x000003f1   Thumb Code     0  rt_memclr.o(.text)
    __rt_memclr_w                            0x000003f1   Thumb Code     4  rt_memclr.o(.text)
    __aeabi_uidivmod                         0x000003f5   Thumb Code    28  aeabi_sdivfast.o(.text)
    __aeabi_idivmod                          0x00000411   Thumb Code   472  aeabi_sdivfast.o(.text)
    __use_two_region_memory                  0x000005ed   Thumb Code     2  heapauxi.o(.text)
    __rt_heap_escrow$2region                 0x000005ef   Thumb Code     2  heapauxi.o(.text)
    __rt_heap_expand$2region                 0x000005f1   Thumb Code     2  heapauxi.o(.text)
    __aeabi_f2d                              0x000005f5   Thumb Code     0  f2d.o(.text)
    _f2d                                     0x000005f5   Thumb Code    80  f2d.o(.text)
    __aeabi_fdiv                             0x00000649   Thumb Code     0  fdiv.o(.text)
    _fdiv                                    0x00000649   Thumb Code   334  fdiv.o(.text)
    _frdiv                                   0x00000797   Thumb Code     8  fdiv.o(.text)
    __aeabi_f2iz                             0x000007a9   Thumb Code     0  ffixi.o(.text)
    _ffix                                    0x000007a9   Thumb Code    76  ffixi.o(.text)
    __aeabi_i2f_normalise                    0x000007f5   Thumb Code    72  fflti.o(.text)
    __aeabi_i2f                              0x0000083d   Thumb Code    16  fflti.o(.text)
    _fflt                                    0x0000083d   Thumb Code     0  fflti.o(.text)
    __aeabi_ui2f                             0x0000084d   Thumb Code     6  fflti.o(.text)
    _ffltu                                   0x0000084d   Thumb Code     0  fflti.o(.text)
    _printf_int_common                       0x00000853   Thumb Code   176  _printf_intcommon.o(.text)
    _printf_fp_dec_real                      0x00000aa1   Thumb Code   620  _printf_fp_dec.o(.text)
    _printf_char_common                      0x00000d23   Thumb Code    32  _printf_char_common.o(.text)
    _sputc                                   0x00000d49   Thumb Code    10  _sputc.o(.text)
    __rt_udiv10                              0x00000d53   Thumb Code    40  rtudiv10.o(.text)
    __rt_locale                              0x00000d7d   Thumb Code     8  rt_locale_intlibspace.o(.text)
    _ll_udiv10                               0x00000d85   Thumb Code   122  lludiv10.o(.text)
    _printf_fp_infnan                        0x00000e01   Thumb Code   120  _printf_fp_infnan.o(.text)
    _btod_etento                             0x00000e89   Thumb Code   210  bigflt0.o(.text)
    _btod_d2e                                0x00000f61   Thumb Code    64  btod.o(.text)
    _btod_emul                               0x00001395   Thumb Code    28  btod.o(.text)
    _btod_emuld                              0x000013b1   Thumb Code   144  btod.o(.text)
    _btod_ediv                               0x00001441   Thumb Code    26  btod.o(.text)
    _btod_edivd                              0x0000145b   Thumb Code   124  btod.o(.text)
    __fpl_fcmp_InfNaN                        0x000014e1   Thumb Code    96  fcmpin.o(.text)
    __user_libspace                          0x00001545   Thumb Code     8  libspace.o(.text)
    __user_perproc_libspace                  0x00001545   Thumb Code     0  libspace.o(.text)
    __user_perthread_libspace                0x00001545   Thumb Code     0  libspace.o(.text)
    __user_setup_stackheap                   0x0000154d   Thumb Code    62  sys_stackheap_outer.o(.text)
    exit                                     0x0000158b   Thumb Code    16  exit.o(.text)
    strcmp                                   0x0000159d   Thumb Code   176  strcmpv6m.o(.text)
    __fpl_cmpreturn                          0x0000164d   Thumb Code    46  cmpret.o(.text)
    __fpl_fcheck_NaN2                        0x0000167d   Thumb Code    10  fnan2.o(.text)
    __fpl_return_NaN                         0x0000168d   Thumb Code    94  retnan.o(.text)
    Control                                  0x000016ed   Thumb Code   224  control.o(.text.Control)
    DL_Common_delayCycles                    0x00001819   Thumb Code    10  dl_common.o(.text.DL_Common_delayCycles)
    DL_I2C_setClockConfig                    0x00001823   Thumb Code    38  dl_i2c.o(.text.DL_I2C_setClockConfig)
    DL_Timer_initFourCCPWMMode               0x00001849   Thumb Code   236  dl_timer.o(.text.DL_Timer_initFourCCPWMMode)
    DL_Timer_initTimerMode                   0x00001949   Thumb Code   220  dl_timer.o(.text.DL_Timer_initTimerMode)
    DL_Timer_setCaptCompUpdateMethod         0x00001a31   Thumb Code    24  dl_timer.o(.text.DL_Timer_setCaptCompUpdateMethod)
    DL_Timer_setCaptureCompareOutCtl         0x00001a4d   Thumb Code    20  dl_timer.o(.text.DL_Timer_setCaptureCompareOutCtl)
    DL_Timer_setCaptureCompareValue          0x00001a65   Thumb Code    12  dl_timer.o(.text.DL_Timer_setCaptureCompareValue)
    DL_Timer_setClockConfig                  0x00001a75   Thumb Code    24  dl_timer.o(.text.DL_Timer_setClockConfig)
    DL_UART_init                             0x00001a91   Thumb Code    64  dl_uart.o(.text.DL_UART_init)
    DL_UART_setClockConfig                   0x00001ad9   Thumb Code    18  dl_uart.o(.text.DL_UART_setClockConfig)
    GROUP1_IRQHandler                        0x00001aed   Thumb Code   164  hw_encoder.o(.text.GROUP1_IRQHandler)
    OLED_Clear                               0x00001b9d   Thumb Code  1620  oled.o(.text.OLED_Clear)
    OLED_Init                                0x000021f1   Thumb Code  1852  oled.o(.text.OLED_Init)
    OLED_Refresh                             0x0000292d   Thumb Code   248  oled.o(.text.OLED_Refresh)
    OLED_ShowChar                            0x00002a29   Thumb Code   596  oled.o(.text.OLED_ShowChar)
    OLED_ShowString                          0x00002c91   Thumb Code    80  oled.o(.text.OLED_ShowString)
    OLED_WR_Byte                             0x00002ce1   Thumb Code   156  oled.o(.text.OLED_WR_Byte)
    SYSCFG_DL_GPIO_init                      0x00002d81   Thumb Code   228  ti_msp_dl_config.o(.text.SYSCFG_DL_GPIO_init)
    SYSCFG_DL_I2C_0_init                     0x00002ea1   Thumb Code    72  ti_msp_dl_config.o(.text.SYSCFG_DL_I2C_0_init)
    SYSCFG_DL_PWM_0_init                     0x00002ef5   Thumb Code   120  ti_msp_dl_config.o(.text.SYSCFG_DL_PWM_0_init)
    SYSCFG_DL_SYSCTL_init                    0x00002f85   Thumb Code    64  ti_msp_dl_config.o(.text.SYSCFG_DL_SYSCTL_init)
    SYSCFG_DL_SYSTICK_init                   0x00002fd1   Thumb Code    24  ti_msp_dl_config.o(.text.SYSCFG_DL_SYSTICK_init)
    SYSCFG_DL_TIMER_TICK_init                0x00002fed   Thumb Code    56  ti_msp_dl_config.o(.text.SYSCFG_DL_TIMER_TICK_init)
    SYSCFG_DL_UART_0_init                    0x0000303d   Thumb Code    88  ti_msp_dl_config.o(.text.SYSCFG_DL_UART_0_init)
    SYSCFG_DL_init                           0x000030ad   Thumb Code    48  ti_msp_dl_config.o(.text.SYSCFG_DL_init)
    SYSCFG_DL_initPower                      0x000030e5   Thumb Code    52  ti_msp_dl_config.o(.text.SYSCFG_DL_initPower)
    Send_Byte                                0x00003139   Thumb Code   276  oled.o(.text.Send_Byte)
    Set_Motor_PWM                            0x00003251   Thumb Code   152  bsp_tb6612.o(.text.Set_Motor_PWM)
    TIMA0_IRQHandler                         0x00003301   Thumb Code    48  hw_timer.o(.text.TIMA0_IRQHandler)
    UART0_IRQHandler                         0x0000333d   Thumb Code    44  board.o(.text.UART0_IRQHandler)
    Velocity                                 0x00003379   Thumb Code   156  control.o(.text.Velocity)
    _sys_exit                                0x0000343d   Thumb Code     2  board.o(.text._sys_exit)
    board_init                               0x00003441   Thumb Code    28  board.o(.text.board_init)
    delay_ms                                 0x00003485   Thumb Code    68  board.o(.text.delay_ms)
    delay_us                                 0x000034c9   Thumb Code    64  board.o(.text.delay_us)
    encoder_init                             0x0000350d   Thumb Code    12  hw_encoder.o(.text.encoder_init)
    encoder_reset                            0x00003519   Thumb Code    16  hw_encoder.o(.text.encoder_reset)
    encoder_update                           0x00003529   Thumb Code    16  hw_encoder.o(.text.encoder_update)
    fputc                                    0x00003539   Thumb Code    32  board.o(.text.fputc)
    get_encoder_count                        0x0000355d   Thumb Code     8  hw_encoder.o(.text.get_encoder_count)
    get_encoder_count2                       0x00003565   Thumb Code     8  hw_encoder.o(.text.get_encoder_count2)
    jy61p_ReceiveData                        0x00003571   Thumb Code   396  jy61p.o(.text.jy61p_ReceiveData)
    main                                     0x00003731   Thumb Code   188  empty.o(.text.main)
    timer_init                               0x00003819   Thumb Code    16  hw_timer.o(.text.timer_init)
    ui_encoder_value_update                  0x00003831   Thumb Code   116  empty.o(.text.ui_encoder_value_update)
    __ARM_common_ll_muluu                    0x000038c5   Thumb Code    48  btod.o(i.__ARM_common_ll_muluu)
    __ARM_fpclassify                         0x000038f5   Thumb Code    40  fpclassify.o(i.__ARM_fpclassify)
    __aeabi_fcmpge                           0x00003921   Thumb Code     0  fcmp.o(i._fgeq)
    _fgeq                                    0x00003921   Thumb Code    22  fcmp.o(i._fgeq)
    __aeabi_fcmple                           0x00003937   Thumb Code     0  fcmp.o(i._fleq)
    _fleq                                    0x00003937   Thumb Code    26  fcmp.o(i._fleq)
    _is_digit                                0x00003951   Thumb Code    14  __printf_wp.o(i._is_digit)
    _get_lc_numeric                          0x00003961   Thumb Code    44  lc_numeric_c.o(locale$$code)
    __aeabi_fadd                             0x0000398d   Thumb Code     0  faddsub.o(x$fpl$fadd)
    _fadd                                    0x0000398d   Thumb Code   134  faddsub.o(x$fpl$fadd)
    _fcmpge                                  0x00003a19   Thumb Code    78  fgef.o(x$fpl$fgeqf)
    __aeabi_cfcmple                          0x00003a6d   Thumb Code     0  flef.o(x$fpl$fleqf)
    _fcmple                                  0x00003a6d   Thumb Code    78  flef.o(x$fpl$fleqf)
    __aeabi_fmul                             0x00003ac1   Thumb Code     0  fmul.o(x$fpl$fmul)
    _fmul                                    0x00003ac1   Thumb Code   172  fmul.o(x$fpl$fmul)
    __aeabi_fsub                             0x00003b71   Thumb Code     0  faddsub.o(x$fpl$fsub)
    _fsub                                    0x00003b71   Thumb Code   204  faddsub.o(x$fpl$fsub)
    _printf_fp_dec                           0x00003c41   Thumb Code    16  printf1.o(x$fpl$printf1)
    __I$use$fp                               0x00003c50   Number         0  usenofp.o(x$fpl$usenofp)
    asc2_0806                                0x00003d24   Data         552  oled.o(.rodata.asc2_0806)
    asc2_1206                                0x00003f4c   Data        1140  oled.o(.rodata.asc2_1206)
    asc2_1608                                0x000043c0   Data        1520  oled.o(.rodata.asc2_1608)
    asc2_2412                                0x000049b0   Data        3420  oled.o(.rodata.asc2_2412)
    Region$$Table$$Base                      0x00005750   Number         0  anon$$obj.o(Region$$Table)
    Region$$Table$$Limit                     0x00005770   Number         0  anon$$obj.o(Region$$Table)
    Med_Angle                                0x20200000   Data           4  control.o(.data.Med_Angle)
    Velocity_Kp                              0x20200004   Data           4  control.o(.data.Velocity_Kp)
    Vertical_Kd                              0x20200008   Data           4  control.o(.data.Vertical_Kd)
    Vertical_Kp                              0x2020000c   Data           4  control.o(.data.Vertical_Kp)
    __libspace_start                         0x20200018   Data          96  libspace.o(.bss)
    Encoder_Left                             0x20200078   Data           8  control.o(.bss.Encoder_Left)
    __temporary_stack_top$libspace           0x20200078   Data           0  libspace.o(.bss)
    Encoder_Right                            0x20200080   Data           8  control.o(.bss.Encoder_Right)
    MOTO1                                    0x20200088   Data           4  control.o(.bss.MOTO1)
    MOTO2                                    0x2020008c   Data           4  control.o(.bss.MOTO2)
    OLED_GRAM                                0x20200090   Data        1152  oled.o(.bss.OLED_GRAM)
    OledString                               0x20200510   Data         128  empty.o(.bss.OledString)
    Pitch                                    0x20200590   Data           4  jy61p.o(.bss.Pitch)
    Roll                                     0x20200594   Data           4  jy61p.o(.bss.Roll)
    Target_Speed                             0x202005a8   Data           4  control.o(.bss.Target_Speed)
    Target_turn                              0x202005ac   Data           4  control.o(.bss.Target_turn)
    Turn_Kd                                  0x202005b0   Data           4  control.o(.bss.Turn_Kd)
    Turn_Kp                                  0x202005b4   Data           4  control.o(.bss.Turn_Kp)
    Turn_out                                 0x202005b8   Data           4  control.o(.bss.Turn_out)
    Velocity_Ki                              0x202005c4   Data           4  control.o(.bss.Velocity_Ki)
    Velocity_out                             0x202005c8   Data           4  control.o(.bss.Velocity_out)
    Vertical_out                             0x202005cc   Data           4  control.o(.bss.Vertical_out)
    Yaw                                      0x202005d0   Data           4  jy61p.o(.bss.Yaw)
    __stdout                                 0x202005d4   Data          84  board.o(.bss.__stdout)
    a                                        0x20200628   Data           4  empty.o(.bss.a)
    b                                        0x2020062c   Data           4  empty.o(.bss.b)
    c                                        0x20200630   Data           4  empty.o(.bss.c)
    gPWM_0Backup                             0x20200634   Data         188  ti_msp_dl_config.o(.bss.gPWM_0Backup)
    gTIMER_TICKBackup                        0x202006f0   Data         188  ti_msp_dl_config.o(.bss.gTIMER_TICKBackup)
    gyroy                                    0x202007ac   Data           2  control.o(.bss.gyroy)
    gyroz                                    0x202007ae   Data           2  control.o(.bss.gyroz)
    recv0_flag                               0x202007d0   Data           1  board.o(.bss.recv0_flag)
    recv0_length                             0x202007d2   Data           2  board.o(.bss.recv0_length)
    roll3                                    0x202007d4   Data           4  control.o(.bss.roll3)
    stop                                     0x202007d8   Data           1  control.o(.bss.stop)
    wx                                       0x202007dc   Data           4  jy61p.o(.bss.wx)
    wy                                       0x202007e0   Data           4  jy61p.o(.bss.wy)
    wz                                       0x202007e4   Data           4  jy61p.o(.bss.wz)



==============================================================================

Memory Map of the image

  Image Entry point : 0x000000c1

  Load Region LR_IROM1 (Base: 0x00000000, Size: 0x000057a8, Max: 0x00020000, ABSOLUTE)

    Execution Region ER_IROM1 (Exec base: 0x00000000, Load base: 0x00000000, Size: 0x0000578c, Max: 0x00020000, ABSOLUTE)

    Exec Addr    Load Addr    Size         Type   Attr      Idx    E Section Name        Object

    0x00000000   0x00000000   0x000000c0   Data   RO           23    RESET               startup_mspm0g350x_uvision.o
    0x000000c0   0x000000c0   0x00000008   Code   RO         1070  * !!!main             c_p.l(__main.o)
    0x000000c8   0x000000c8   0x00000054   Code   RO         1335    !!!scatter          c_p.l(__scatter.o)
    0x0000011c   0x0000011c   0x00000004   PAD
    0x00000120   0x00000120   0x0000001a   Code   RO         1339    !!handler_copy      c_p.l(__scatter_copy.o)
    0x0000013a   0x0000013a   0x00000006   PAD
    0x00000140   0x00000140   0x00000002   Code   RO         1336    !!handler_null      c_p.l(__scatter.o)
    0x00000142   0x00000142   0x00000006   PAD
    0x00000148   0x00000148   0x0000001c   Code   RO         1341    !!handler_zi        c_p.l(__scatter_zi.o)
    0x00000164   0x00000164   0x00000002   Code   RO         1055    .ARM.Collect$$_printf_percent$$00000000  c_p.l(_printf_percent.o)
    0x00000166   0x00000166   0x0000000a   Code   RO         1054    .ARM.Collect$$_printf_percent$$00000003  c_p.l(_printf_f.o)
    0x00000170   0x00000170   0x0000000a   Code   RO         1053    .ARM.Collect$$_printf_percent$$00000009  c_p.l(_printf_d.o)
    0x0000017a   0x0000017a   0x00000004   Code   RO         1118    .ARM.Collect$$_printf_percent$$00000017  c_p.l(_printf_percent_end.o)
    0x0000017e   0x0000017e   0x00000002   Code   RO         1195    .ARM.Collect$$libinit$$00000000  c_p.l(libinit.o)
    0x00000180   0x00000180   0x00000000   Code   RO         1197    .ARM.Collect$$libinit$$00000002  c_p.l(libinit2.o)
    0x00000180   0x00000180   0x00000000   Code   RO         1199    .ARM.Collect$$libinit$$00000004  c_p.l(libinit2.o)
    0x00000180   0x00000180   0x00000000   Code   RO         1201    .ARM.Collect$$libinit$$00000006  c_p.l(libinit2.o)
    0x00000180   0x00000180   0x00000000   Code   RO         1204    .ARM.Collect$$libinit$$0000000C  c_p.l(libinit2.o)
    0x00000180   0x00000180   0x00000000   Code   RO         1206    .ARM.Collect$$libinit$$0000000E  c_p.l(libinit2.o)
    0x00000180   0x00000180   0x00000000   Code   RO         1208    .ARM.Collect$$libinit$$00000010  c_p.l(libinit2.o)
    0x00000180   0x00000180   0x00000006   Code   RO         1209    .ARM.Collect$$libinit$$00000011  c_p.l(libinit2.o)
    0x00000186   0x00000186   0x00000000   Code   RO         1211    .ARM.Collect$$libinit$$00000013  c_p.l(libinit2.o)
    0x00000186   0x00000186   0x00000000   Code   RO         1213    .ARM.Collect$$libinit$$00000015  c_p.l(libinit2.o)
    0x00000186   0x00000186   0x00000000   Code   RO         1215    .ARM.Collect$$libinit$$00000017  c_p.l(libinit2.o)
    0x00000186   0x00000186   0x0000000a   Code   RO         1216    .ARM.Collect$$libinit$$00000018  c_p.l(libinit2.o)
    0x00000190   0x00000190   0x00000000   Code   RO         1217    .ARM.Collect$$libinit$$00000019  c_p.l(libinit2.o)
    0x00000190   0x00000190   0x00000000   Code   RO         1219    .ARM.Collect$$libinit$$0000001B  c_p.l(libinit2.o)
    0x00000190   0x00000190   0x00000000   Code   RO         1221    .ARM.Collect$$libinit$$0000001D  c_p.l(libinit2.o)
    0x00000190   0x00000190   0x00000000   Code   RO         1223    .ARM.Collect$$libinit$$0000001F  c_p.l(libinit2.o)
    0x00000190   0x00000190   0x00000000   Code   RO         1225    .ARM.Collect$$libinit$$00000021  c_p.l(libinit2.o)
    0x00000190   0x00000190   0x00000000   Code   RO         1227    .ARM.Collect$$libinit$$00000023  c_p.l(libinit2.o)
    0x00000190   0x00000190   0x00000000   Code   RO         1229    .ARM.Collect$$libinit$$00000025  c_p.l(libinit2.o)
    0x00000190   0x00000190   0x00000000   Code   RO         1231    .ARM.Collect$$libinit$$00000027  c_p.l(libinit2.o)
    0x00000190   0x00000190   0x00000000   Code   RO         1235    .ARM.Collect$$libinit$$0000002E  c_p.l(libinit2.o)
    0x00000190   0x00000190   0x00000000   Code   RO         1237    .ARM.Collect$$libinit$$00000030  c_p.l(libinit2.o)
    0x00000190   0x00000190   0x00000000   Code   RO         1239    .ARM.Collect$$libinit$$00000032  c_p.l(libinit2.o)
    0x00000190   0x00000190   0x00000000   Code   RO         1241    .ARM.Collect$$libinit$$00000034  c_p.l(libinit2.o)
    0x00000190   0x00000190   0x00000002   Code   RO         1242    .ARM.Collect$$libinit$$00000035  c_p.l(libinit2.o)
    0x00000192   0x00000192   0x00000002   Code   RO         1297    .ARM.Collect$$libshutdown$$00000000  c_p.l(libshutdown.o)
    0x00000194   0x00000194   0x00000000   Code   RO         1318    .ARM.Collect$$libshutdown$$00000002  c_p.l(libshutdown2.o)
    0x00000194   0x00000194   0x00000000   Code   RO         1320    .ARM.Collect$$libshutdown$$00000004  c_p.l(libshutdown2.o)
    0x00000194   0x00000194   0x00000000   Code   RO         1323    .ARM.Collect$$libshutdown$$00000007  c_p.l(libshutdown2.o)
    0x00000194   0x00000194   0x00000000   Code   RO         1326    .ARM.Collect$$libshutdown$$0000000A  c_p.l(libshutdown2.o)
    0x00000194   0x00000194   0x00000000   Code   RO         1328    .ARM.Collect$$libshutdown$$0000000C  c_p.l(libshutdown2.o)
    0x00000194   0x00000194   0x00000000   Code   RO         1331    .ARM.Collect$$libshutdown$$0000000F  c_p.l(libshutdown2.o)
    0x00000194   0x00000194   0x00000002   Code   RO         1332    .ARM.Collect$$libshutdown$$00000010  c_p.l(libshutdown2.o)
    0x00000196   0x00000196   0x00000000   Code   RO         1103    .ARM.Collect$$rtentry$$00000000  c_p.l(__rtentry.o)
    0x00000196   0x00000196   0x00000000   Code   RO         1129    .ARM.Collect$$rtentry$$00000002  c_p.l(__rtentry2.o)
    0x00000196   0x00000196   0x00000006   Code   RO         1141    .ARM.Collect$$rtentry$$00000004  c_p.l(__rtentry4.o)
    0x0000019c   0x0000019c   0x00000000   Code   RO         1131    .ARM.Collect$$rtentry$$00000009  c_p.l(__rtentry2.o)
    0x0000019c   0x0000019c   0x00000004   Code   RO         1132    .ARM.Collect$$rtentry$$0000000A  c_p.l(__rtentry2.o)
    0x000001a0   0x000001a0   0x00000000   Code   RO         1134    .ARM.Collect$$rtentry$$0000000C  c_p.l(__rtentry2.o)
    0x000001a0   0x000001a0   0x00000008   Code   RO         1135    .ARM.Collect$$rtentry$$0000000D  c_p.l(__rtentry2.o)
    0x000001a8   0x000001a8   0x00000002   Code   RO         1248    .ARM.Collect$$rtexit$$00000000  c_p.l(rtexit.o)
    0x000001aa   0x000001aa   0x00000000   Code   RO         1265    .ARM.Collect$$rtexit$$00000002  c_p.l(rtexit2.o)
    0x000001aa   0x000001aa   0x00000004   Code   RO         1266    .ARM.Collect$$rtexit$$00000003  c_p.l(rtexit2.o)
    0x000001ae   0x000001ae   0x00000006   Code   RO         1267    .ARM.Collect$$rtexit$$00000004  c_p.l(rtexit2.o)
    0x000001b4   0x000001b4   0x00000030   Code   RO           24    .text               startup_mspm0g350x_uvision.o
    0x000001e4   0x000001e4   0x00000028   Code   RO         1027    .text               c_p.l(noretval__2sprintf.o)
    0x0000020c   0x0000020c   0x0000006c   Code   RO         1031    .text               c_p.l(_printf_dec.o)
    0x00000278   0x00000278   0x0000010e   Code   RO         1041    .text               c_p.l(__printf_wp.o)
    0x00000386   0x00000386   0x00000002   PAD
    0x00000388   0x00000388   0x0000002c   Code   RO         1056    .text               c_p.l(puts.o)
    0x000003b4   0x000003b4   0x00000040   Code   RO         1058    .text               c_p.l(rt_memclr.o)
    0x000003f4   0x000003f4   0x000001f8   Code   RO         1060    .text               c_p.l(aeabi_sdivfast.o)
    0x000005ec   0x000005ec   0x00000006   Code   RO         1068    .text               c_p.l(heapauxi.o)
    0x000005f2   0x000005f2   0x00000002   PAD
    0x000005f4   0x000005f4   0x00000054   Code   RO         1072    .text               fz_ps.l(f2d.o)
    0x00000648   0x00000648   0x00000160   Code   RO         1092    .text               fz_ps.l(fdiv.o)
    0x000007a8   0x000007a8   0x0000004c   Code   RO         1095    .text               fz_ps.l(ffixi.o)
    0x000007f4   0x000007f4   0x0000005e   Code   RO         1097    .text               fz_ps.l(fflti.o)
    0x00000852   0x00000852   0x000000b0   Code   RO         1108    .text               c_p.l(_printf_intcommon.o)
    0x00000902   0x00000902   0x00000002   PAD
    0x00000904   0x00000904   0x00000414   Code   RO         1110    .text               c_p.l(_printf_fp_dec.o)
    0x00000d18   0x00000d18   0x00000030   Code   RO         1114    .text               c_p.l(_printf_char_common.o)
    0x00000d48   0x00000d48   0x0000000a   Code   RO         1116    .text               c_p.l(_sputc.o)
    0x00000d52   0x00000d52   0x00000028   Code   RO         1119    .text               c_p.l(rtudiv10.o)
    0x00000d7a   0x00000d7a   0x00000002   PAD
    0x00000d7c   0x00000d7c   0x00000008   Code   RO         1148    .text               c_p.l(rt_locale_intlibspace.o)
    0x00000d84   0x00000d84   0x0000007a   Code   RO         1150    .text               c_p.l(lludiv10.o)
    0x00000dfe   0x00000dfe   0x00000002   PAD
    0x00000e00   0x00000e00   0x00000088   Code   RO         1152    .text               c_p.l(_printf_fp_infnan.o)
    0x00000e88   0x00000e88   0x000000d8   Code   RO         1156    .text               c_p.l(bigflt0.o)
    0x00000f60   0x00000f60   0x00000580   Code   RO         1159    .text               c_p.l(btod.o)
    0x000014e0   0x000014e0   0x00000064   Code   RO         1168    .text               fz_ps.l(fcmpin.o)
    0x00001544   0x00001544   0x00000008   Code   RO         1174    .text               c_p.l(libspace.o)
    0x0000154c   0x0000154c   0x0000003e   Code   RO         1177    .text               c_p.l(sys_stackheap_outer.o)
    0x0000158a   0x0000158a   0x00000010   Code   RO         1182    .text               c_p.l(exit.o)
    0x0000159a   0x0000159a   0x00000002   PAD
    0x0000159c   0x0000159c   0x000000b0   Code   RO         1188    .text               c_p.l(strcmpv6m.o)
    0x0000164c   0x0000164c   0x0000002e   Code   RO         1243    .text               fz_ps.l(cmpret.o)
    0x0000167a   0x0000167a   0x00000002   PAD
    0x0000167c   0x0000167c   0x00000010   Code   RO         1245    .text               fz_ps.l(fnan2.o)
    0x0000168c   0x0000168c   0x0000005e   Code   RO         1262    .text               fz_ps.l(retnan.o)
    0x000016ea   0x000016ea   0x00000002   PAD
    0x000016ec   0x000016ec   0x0000012c   Code   RO          205    .text.Control       control.o
    0x00001818   0x00001818   0x0000000a   Code   RO          347    .text.DL_Common_delayCycles  dl_common.o
    0x00001822   0x00001822   0x00000026   Code   RO          563    .text.DL_I2C_setClockConfig  dl_i2c.o
    0x00001848   0x00001848   0x00000100   Code   RO          937    .text.DL_Timer_initFourCCPWMMode  dl_timer.o
    0x00001948   0x00001948   0x000000e8   Code   RO          865    .text.DL_Timer_initTimerMode  dl_timer.o
    0x00001a30   0x00001a30   0x0000001c   Code   RO          907    .text.DL_Timer_setCaptCompUpdateMethod  dl_timer.o
    0x00001a4c   0x00001a4c   0x00000018   Code   RO          911    .text.DL_Timer_setCaptureCompareOutCtl  dl_timer.o
    0x00001a64   0x00001a64   0x00000010   Code   RO          867    .text.DL_Timer_setCaptureCompareValue  dl_timer.o
    0x00001a74   0x00001a74   0x0000001c   Code   RO          861    .text.DL_Timer_setClockConfig  dl_timer.o
    0x00001a90   0x00001a90   0x00000048   Code   RO          970    .text.DL_UART_init  dl_uart.o
    0x00001ad8   0x00001ad8   0x00000012   Code   RO          972    .text.DL_UART_setClockConfig  dl_uart.o
    0x00001aea   0x00001aea   0x00000002   PAD
    0x00001aec   0x00001aec   0x000000b0   Code   RO          269    .text.GROUP1_IRQHandler  hw_encoder.o
    0x00001b9c   0x00001b9c   0x00000654   Code   RO          124    .text.OLED_Clear    oled.o
    0x000021f0   0x000021f0   0x0000073c   Code   RO          146    .text.OLED_Init     oled.o
    0x0000292c   0x0000292c   0x000000fc   Code   RO          122    .text.OLED_Refresh  oled.o
    0x00002a28   0x00002a28   0x00000268   Code   RO          132    .text.OLED_ShowChar  oled.o
    0x00002c90   0x00002c90   0x00000050   Code   RO          134    .text.OLED_ShowString  oled.o
    0x00002ce0   0x00002ce0   0x000000a0   Code   RO          104    .text.OLED_WR_Byte  oled.o
    0x00002d80   0x00002d80   0x00000120   Code   RO           35    .text.SYSCFG_DL_GPIO_init  ti_msp_dl_config.o
    0x00002ea0   0x00002ea0   0x00000054   Code   RO           43    .text.SYSCFG_DL_I2C_0_init  ti_msp_dl_config.o
    0x00002ef4   0x00002ef4   0x00000090   Code   RO           39    .text.SYSCFG_DL_PWM_0_init  ti_msp_dl_config.o
    0x00002f84   0x00002f84   0x0000004c   Code   RO           37    .text.SYSCFG_DL_SYSCTL_init  ti_msp_dl_config.o
    0x00002fd0   0x00002fd0   0x0000001c   Code   RO           47    .text.SYSCFG_DL_SYSTICK_init  ti_msp_dl_config.o
    0x00002fec   0x00002fec   0x00000050   Code   RO           41    .text.SYSCFG_DL_TIMER_TICK_init  ti_msp_dl_config.o
    0x0000303c   0x0000303c   0x00000070   Code   RO           45    .text.SYSCFG_DL_UART_0_init  ti_msp_dl_config.o
    0x000030ac   0x000030ac   0x00000038   Code   RO           31    .text.SYSCFG_DL_init  ti_msp_dl_config.o
    0x000030e4   0x000030e4   0x00000054   Code   RO           33    .text.SYSCFG_DL_initPower  ti_msp_dl_config.o
    0x00003138   0x00003138   0x00000118   Code   RO          116    .text.Send_Byte     oled.o
    0x00003250   0x00003250   0x000000b0   Code   RO          177    .text.Set_Motor_PWM  bsp_tb6612.o
    0x00003300   0x00003300   0x0000003c   Code   RO          247    .text.TIMA0_IRQHandler  hw_timer.o
    0x0000333c   0x0000333c   0x0000003c   Code   RO           88    .text.UART0_IRQHandler  board.o
    0x00003378   0x00003378   0x000000c4   Code   RO          201    .text.Velocity      control.o
    0x0000343c   0x0000343c   0x00000002   Code   RO           84    .text._sys_exit     board.o
    0x0000343e   0x0000343e   0x00000002   PAD
    0x00003440   0x00003440   0x00000044   Code   RO           70    .text.board_init    board.o
    0x00003484   0x00003484   0x00000044   Code   RO           74    .text.delay_ms      board.o
    0x000034c8   0x000034c8   0x00000044   Code   RO           72    .text.delay_us      board.o
    0x0000350c   0x0000350c   0x0000000c   Code   RO          257    .text.encoder_init  hw_encoder.o
    0x00003518   0x00003518   0x00000010   Code   RO          267    .text.encoder_reset  hw_encoder.o
    0x00003528   0x00003528   0x00000010   Code   RO          265    .text.encoder_update  hw_encoder.o
    0x00003538   0x00003538   0x00000024   Code   RO           86    .text.fputc         board.o
    0x0000355c   0x0000355c   0x00000008   Code   RO          259    .text.get_encoder_count  hw_encoder.o
    0x00003564   0x00003564   0x0000000c   Code   RO          261    .text.get_encoder_count2  hw_encoder.o
    0x00003570   0x00003570   0x000001c0   Code   RO          280    .text.jy61p_ReceiveData  jy61p.o
    0x00003730   0x00003730   0x000000e8   Code   RO            2    .text.main          empty.o
    0x00003818   0x00003818   0x00000018   Code   RO          243    .text.timer_init    hw_timer.o
    0x00003830   0x00003830   0x00000094   Code   RO            4    .text.ui_encoder_value_update  empty.o
    0x000038c4   0x000038c4   0x00000030   Code   RO         1161    i.__ARM_common_ll_muluu  c_p.l(btod.o)
    0x000038f4   0x000038f4   0x0000002c   Code   RO         1172    i.__ARM_fpclassify  m_ps.l(fpclassify.o)
    0x00003920   0x00003920   0x00000016   Code   RO         1081    i._fgeq             fz_ps.l(fcmp.o)
    0x00003936   0x00003936   0x0000001a   Code   RO         1083    i._fleq             fz_ps.l(fcmp.o)
    0x00003950   0x00003950   0x0000000e   Code   RO         1043    i._is_digit         c_p.l(__printf_wp.o)
    0x0000395e   0x0000395e   0x00000002   PAD
    0x00003960   0x00003960   0x0000002c   Code   RO         1166    locale$$code        c_p.l(lc_numeric_c.o)
    0x0000398c   0x0000398c   0x0000008c   Code   RO         1074    x$fpl$fadd          fz_ps.l(faddsub.o)
    0x00003a18   0x00003a18   0x00000054   Code   RO         1123    x$fpl$fgeqf         fz_ps.l(fgef.o)
    0x00003a6c   0x00003a6c   0x00000054   Code   RO         1125    x$fpl$fleqf         fz_ps.l(flef.o)
    0x00003ac0   0x00003ac0   0x000000b0   Code   RO         1099    x$fpl$fmul          fz_ps.l(fmul.o)
    0x00003b70   0x00003b70   0x000000d0   Code   RO         1076    x$fpl$fsub          fz_ps.l(faddsub.o)
    0x00003c40   0x00003c40   0x00000010   Code   RO         1101    x$fpl$printf1       fz_ps.l(printf1.o)
    0x00003c50   0x00003c50   0x00000000   Code   RO         1127    x$fpl$usenofp       fz_ps.l(usenofp.o)
    0x00003c50   0x00003c50   0x00000040   Data   RO         1093    .constdata          fz_ps.l(fdiv.o)
    0x00003c90   0x00003c90   0x00000094   Data   RO         1157    .constdata          c_p.l(bigflt0.o)
    0x00003d24   0x00003d24   0x00000228   Data   RO          148    .rodata.asc2_0806   oled.o
    0x00003f4c   0x00003f4c   0x00000474   Data   RO          149    .rodata.asc2_1206   oled.o
    0x000043c0   0x000043c0   0x000005f0   Data   RO          150    .rodata.asc2_1608   oled.o
    0x000049b0   0x000049b0   0x00000d5c   Data   RO          151    .rodata.asc2_2412   oled.o
    0x0000570c   0x0000570c   0x00000002   Data   RO           59    .rodata.gI2C_0ClockConfig  ti_msp_dl_config.o
    0x0000570e   0x0000570e   0x00000003   Data   RO           55    .rodata.gPWM_0ClockConfig  ti_msp_dl_config.o
    0x00005711   0x00005711   0x00000003   PAD
    0x00005714   0x00005714   0x00000008   Data   RO           56    .rodata.gPWM_0Config  ti_msp_dl_config.o
    0x0000571c   0x0000571c   0x00000003   Data   RO           57    .rodata.gTIMER_TICKClockConfig  ti_msp_dl_config.o
    0x0000571f   0x0000571f   0x00000001   PAD
    0x00005720   0x00005720   0x00000014   Data   RO           58    .rodata.gTIMER_TICKTimerConfig  ti_msp_dl_config.o
    0x00005734   0x00005734   0x00000002   Data   RO           60    .rodata.gUART_0ClockConfig  ti_msp_dl_config.o
    0x00005736   0x00005736   0x0000000a   Data   RO           61    .rodata.gUART_0Config  ti_msp_dl_config.o
    0x00005740   0x00005740   0x0000000b   Data   RO           10    .rodata.str1.1      empty.o
    0x0000574b   0x0000574b   0x00000005   PAD
    0x00005750   0x00005750   0x00000020   Data   RO         1334    Region$$Table       anon$$obj.o
    0x00005770   0x00005770   0x0000001c   Data   RO         1165    locale$$data        c_p.l(lc_numeric_c.o)


    Execution Region RW_IRAM2 (Exec base: 0x20200000, Load base: 0x00005790, Size: 0x00000de8, Max: 0x00008000, ABSOLUTE)

    Exec Addr    Load Addr    Size         Type   Attr      Idx    E Section Name        Object

    0x20200000   0x00005790   0x00000004   Data   RW          207    .data.Med_Angle     control.o
    0x20200004   0x00005794   0x00000004   Data   RW          210    .data.Velocity_Kp   control.o
    0x20200008   0x00005798   0x00000004   Data   RW          209    .data.Vertical_Kd   control.o
    0x2020000c   0x0000579c   0x00000004   Data   RW          208    .data.Vertical_Kp   control.o
    0x20200010   0x000057a0   0x00000004   Data   RW           12    .data.ui_encoder_value_update.last_encoder_count  empty.o
    0x20200014   0x000057a4   0x00000004   Data   RW           13    .data.ui_encoder_value_update.last_encoder_count2  empty.o
    0x20200018        -       0x00000060   Zero   RW         1175    .bss                c_p.l(libspace.o)
    0x20200078        -       0x00000008   Zero   RW          217    .bss.Encoder_Left   control.o
    0x20200080        -       0x00000008   Zero   RW          218    .bss.Encoder_Right  control.o
    0x20200088        -       0x00000004   Zero   RW          227    .bss.MOTO1          control.o
    0x2020008c        -       0x00000004   Zero   RW          228    .bss.MOTO2          control.o
    0x20200090        -       0x00000480   Zero   RW          156    .bss.OLED_GRAM      oled.o
    0x20200510        -       0x00000080   Zero   RW            9    .bss.OledString     empty.o
    0x20200590        -       0x00000004   Zero   RW          289    .bss.Pitch          jy61p.o
    0x20200594        -       0x00000004   Zero   RW          288    .bss.Roll           jy61p.o
    0x20200598        -       0x0000000b   Zero   RW          283    .bss.RxBuffer       jy61p.o
    0x202005a3        -       0x00000001   Zero   RW          284    .bss.RxIndex        jy61p.o
    0x202005a4        -       0x00000001   Zero   RW          282    .bss.RxState        jy61p.o
    0x202005a5   0x000057a8   0x00000001   PAD
    0x202005a6        -       0x00000002   Zero   RW          249    .bss.TIMA0_IRQHandler.count_10ms  hw_timer.o
    0x202005a8        -       0x00000004   Zero   RW          221    .bss.Target_Speed   control.o
    0x202005ac        -       0x00000004   Zero   RW          225    .bss.Target_turn    control.o
    0x202005b0        -       0x00000004   Zero   RW          212    .bss.Turn_Kd        control.o
    0x202005b4        -       0x00000004   Zero   RW          211    .bss.Turn_Kp        control.o
    0x202005b8        -       0x00000004   Zero   RW          226    .bss.Turn_out       control.o
    0x202005bc        -       0x00000004   Zero   RW          215    .bss.Velocity.Encoder_S  control.o
    0x202005c0        -       0x00000004   Zero   RW          214    .bss.Velocity.Err_LowOut_last  control.o
    0x202005c4        -       0x00000004   Zero   RW          216    .bss.Velocity_Ki    control.o
    0x202005c8        -       0x00000004   Zero   RW          222    .bss.Velocity_out   control.o
    0x202005cc        -       0x00000004   Zero   RW          223    .bss.Vertical_out   control.o
    0x202005d0        -       0x00000004   Zero   RW          290    .bss.Yaw            jy61p.o
    0x202005d4        -       0x00000054   Zero   RW           93    .bss.__stdout       board.o
    0x20200628        -       0x00000004   Zero   RW            7    .bss.a              empty.o
    0x2020062c        -       0x00000004   Zero   RW           11    .bss.b              empty.o
    0x20200630        -       0x00000004   Zero   RW            8    .bss.c              empty.o
    0x20200634        -       0x000000bc   Zero   RW           53    .bss.gPWM_0Backup   ti_msp_dl_config.o
    0x202006f0        -       0x000000bc   Zero   RW           54    .bss.gTIMER_TICKBackup  ti_msp_dl_config.o
    0x202007ac        -       0x00000002   Zero   RW          219    .bss.gyroy          control.o
    0x202007ae        -       0x00000002   Zero   RW          224    .bss.gyroz          control.o
    0x202007b0        -       0x00000020   Zero   RW          271    .bss.motor_encoder  hw_encoder.o
    0x202007d0        -       0x00000001   Zero   RW           92    .bss.recv0_flag     board.o
    0x202007d1   0x000057a8   0x00000001   PAD
    0x202007d2        -       0x00000002   Zero   RW           91    .bss.recv0_length   board.o
    0x202007d4        -       0x00000004   Zero   RW          220    .bss.roll3          control.o
    0x202007d8        -       0x00000001   Zero   RW          213    .bss.stop           control.o
    0x202007d9   0x000057a8   0x00000003   PAD
    0x202007dc        -       0x00000004   Zero   RW          285    .bss.wx             jy61p.o
    0x202007e0        -       0x00000004   Zero   RW          286    .bss.wy             jy61p.o
    0x202007e4        -       0x00000004   Zero   RW          287    .bss.wz             jy61p.o
    0x202007e8        -       0x00000200   Zero   RW           22    HEAP                startup_mspm0g350x_uvision.o
    0x202009e8        -       0x00000400   Zero   RW           21    STACK               startup_mspm0g350x_uvision.o



  Load Region LR_BCR (Base: 0x41c00000, Size: 0x00000000, Max: 0x00000100, ABSOLUTE)

    Execution Region BCR_CONFIG (Exec base: 0x41c00000, Load base: 0x41c00000, Size: 0x00000000, Max: 0x00000080, ABSOLUTE)

    **** No section assigned to this execution region ****



  Load Region LR_BSL (Base: 0x41c00100, Size: 0x00000000, Max: 0x00000100, ABSOLUTE)

    Execution Region BSL_CONFIG (Exec base: 0x41c00100, Load base: 0x41c00100, Size: 0x00000000, Max: 0x00000080, ABSOLUTE)

    **** No section assigned to this execution region ****


==============================================================================

Image component sizes


      Code (inc. data)   RO Data    RW Data    ZI Data      Debug   Object Name

       302         64          0          0         87       9293   board.o
       176         24          0          0          0       8962   bsp_tb6612.o
       496        116          0         16         73       3024   control.o
        10          0          0          0          0        588   dl_common.o
        38          0          0          0          0       9478   dl_i2c.o
       584        188          0          0          0      36155   dl_timer.o
        90          8          0          0          0      14513   dl_uart.o
       380         76         11          8        140       1296   empty.o
       240         16          0          0         32       6404   hw_encoder.o
        84         20          0          0          2       7859   hw_timer.o
       448         52          0          0         37       1574   jy61p.o
      4860         40       6632          0       1152      26861   oled.o
        48         22        192          0       1536        692   startup_mspm0g350x_uvision.o
       952        200         48          0        376      29535   ti_msp_dl_config.o

    ----------------------------------------------------------------------
      8712        826       6924         24       3440     156234   Object Totals
         0          0         32          0          0          0   (incl. Generated)
         4          0          9          0          5          0   (incl. Padding)

    ----------------------------------------------------------------------

      Code (inc. data)   RO Data    RW Data    ZI Data      Debug   Library Member Name

         8          0          0          0          0         68   __main.o
       284          0          0          0          0        136   __printf_wp.o
         0          0          0          0          0          0   __rtentry.o
        12          0          0          0          0          0   __rtentry2.o
         6          0          0          0          0          0   __rtentry4.o
        86         10          0          0          0          0   __scatter.o
        26          0          0          0          0          0   __scatter_copy.o
        28          0          0          0          0          0   __scatter_zi.o
        48          6          0          0          0         88   _printf_char_common.o
        10          0          0          0          0          0   _printf_d.o
       108         18          0          0          0         76   _printf_dec.o
        10          0          0          0          0          0   _printf_f.o
      1044         12          0          0          0        116   _printf_fp_dec.o
       136         16          0          0          0         76   _printf_fp_infnan.o
       176          0          0          0          0         84   _printf_intcommon.o
         2          0          0          0          0          0   _printf_percent.o
         4          0          0          0          0          0   _printf_percent_end.o
        10          0          0          0          0         60   _sputc.o
       504          4          0          0          0         92   aeabi_sdivfast.o
       216          6        148          0          0         80   bigflt0.o
      1456         30          0          0          0        336   btod.o
        16          0          0          0          0         68   exit.o
         6          0          0          0          0        136   heapauxi.o
        44         10         28          0          0         76   lc_numeric_c.o
         2          0          0          0          0          0   libinit.o
        18          0          0          0          0          0   libinit2.o
         2          0          0          0          0          0   libshutdown.o
         2          0          0          0          0          0   libshutdown2.o
         8          4          0          0         96         68   libspace.o
       122          0          0          0          0         72   lludiv10.o
        40          4          0          0          0         84   noretval__2sprintf.o
        44          6          0          0          0         68   puts.o
         8          4          0          0          0         68   rt_locale_intlibspace.o
        64          0          0          0          0        108   rt_memclr.o
         2          0          0          0          0          0   rtexit.o
        10          0          0          0          0          0   rtexit2.o
        40          0          0          0          0         60   rtudiv10.o
       176          4          0          0          0         80   strcmpv6m.o
        62          0          0          0          0         80   sys_stackheap_outer.o
        46          0          0          0          0         60   cmpret.o
        84          4          0          0          0         60   f2d.o
       348          8          0          0          0        160   faddsub.o
        48          0          0          0          0        136   fcmp.o
       100          4          0          0          0         68   fcmpin.o
       352         10         64          0          0         92   fdiv.o
        76          0          0          0          0         68   ffixi.o
        94          0          0          0          0         92   fflti.o
        84          4          0          0          0         76   fgef.o
        84          4          0          0          0         76   flef.o
       176          4          0          0          0         80   fmul.o
        16          6          0          0          0         68   fnan2.o
        16          4          0          0          0         76   printf1.o
        94          0          0          0          0         68   retnan.o
         0          0          0          0          0          0   usenofp.o
        44          4          0          0          0         60   fpclassify.o

    ----------------------------------------------------------------------
      6536        190        240          0         96       3420   Library Totals
        34          4          0          0          0          0   (incl. Padding)

    ----------------------------------------------------------------------

      Code (inc. data)   RO Data    RW Data    ZI Data      Debug   Library Name

      4840        134        176          0         96       2180   c_p.l
      1618         48         64          0          0       1180   fz_ps.l
        44          4          0          0          0         60   m_ps.l

    ----------------------------------------------------------------------
      6536        190        240          0         96       3420   Library Totals

    ----------------------------------------------------------------------

==============================================================================


      Code (inc. data)   RO Data    RW Data    ZI Data      Debug   

     15248       1016       7164         24       3536     157778   Grand Totals
     15248       1016       7164         24       3536     157778   ELF Image Totals
     15248       1016       7164         24          0          0   ROM Totals

==============================================================================

    Total RO  Size (Code + RO Data)                22412 (  21.89kB)
    Total RW  Size (RW Data + ZI Data)              3560 (   3.48kB)
    Total ROM Size (Code + RO Data + RW Data)      22436 (  21.91kB)

==============================================================================

